Component: ARM Compiler 6.14 Tool: armlink [5db06800]

==============================================================================

Loading Objects.

Loading object BUILD/NUCLEO_F429ZI/ARMC6/main.o.
Adding cpp init reference.              reference :  __cpp_initialize__aeabi_
              definition:  SW1
              definition:  SW2
              definition:  SW3
              definition:  SW4
              definition:  SW5
              weak defn :  uop_msb_200::Buzzer::offsetForNote(const char*)
              weak defn :  uop_msb_200::Buzzer::periodForNote_us(const char*, uop_msb_200::Buzzer::OCTAVE_REGISTER)
              weak defn :  uop_msb_200::Buzzer::rest()
              weak defn :  uop_msb_200::Buzzer::playTone(const char*, uop_msb_200::Buzzer::OCTAVE_REGISTER)
              weak defn :  uop_msb_200::Buzzer::Buzzer__sub_object(PinName)
              weak defn :  mbed::DigitalInOut::DigitalInOut__sub_object(PinName, PinDirection, PinMode, int)
              reference :  mbed::BusOut::BusOut(PinName, PinName, PinName, PinName, PinName, PinName, PinName, PinName, PinName, PinName, PinName, PinName, PinName, PinName, PinName, PinName)
              reference :  mbed::BusOut::operator =(int)
              reference :  mbed::PwmOut::write(float)
              reference :  mbed::PwmOut::period_us(int)
              reference :  mbed::PwmOut::PwmOut(PinName)
              weak defn :  mbed::DigitalIn::read()
              weak defn :  mbed::DigitalIn::DigitalIn__sub_object(PinName)
              weak defn :  mbed::DigitalIn::operator int()
              definition:  __ARM_use_no_argv
              reference :  __aeabi_d2iz
              reference :  __aeabi_dadd
              reference :  __aeabi_ddiv
              reference :  __aeabi_dmul
              reference :  __aeabi_memcpy8
              definition:  alarm
              reference :  gpio_init_in
              reference :  gpio_init_inout
              definition:  leds
              definition:  main
              reference :  wait_us
Loading object BUILD/NUCLEO_F429ZI/ARMC6/mbed-os/cmsis/CMSIS_5/CMSIS/TARGET_CORTEX_M/Source/mbed_tz_context.o.
Loading object BUILD/NUCLEO_F429ZI/ARMC6/mbed-os/drivers/source/AnalogIn.o.
              weak defn :  T1* core_util_atomic_load<rtos::Mutex>(T1*const *)
              weak defn :  void core_util_atomic_store<rtos::Mutex>(T1**, T1*)
              definition:  mbed::AnalogIn::read_voltage()
              definition:  mbed::AnalogIn::set_reference_voltage(float)
              weak defn :  mbed::AnalogIn::lock()
              definition:  mbed::AnalogIn::read()
              definition:  mbed::AnalogIn::_mutex
              weak defn :  mbed::AnalogIn::unlock()
              definition:  mbed::AnalogIn::read_u16()
              definition:  mbed::AnalogIn::AnalogIn(PinName, float)
              definition:  mbed::AnalogIn::AnalogIn(const PinMap&, float)
              definition:  mbed::AnalogIn::AnalogIn__sub_object(PinName, float)
              definition:  mbed::AnalogIn::AnalogIn__sub_object(const PinMap&, float)
              weak defn :  mbed::AnalogIn::~AnalogIn__deallocating()
              weak defn :  mbed::AnalogIn::~AnalogIn__sub_object()
              weak defn :  rtos::Mutex::lock()
              weak defn :  rtos::Mutex::unlock()
              weak defn :  rtos::Mutex::Mutex__sub_object()
              weak defn :  SingletonPtr<rtos::Mutex>::get() const
              weak defn :  SingletonPtr<rtos::Mutex>::operator ->() const
              definition:  mbed::AnalogIn::get_reference_voltage() const
              weak defn :  vtable for mbed::AnalogIn
              reference :  operator delete (void*)
              reference :  analogin_free
              reference :  analogin_init
              reference :  analogin_init_direct
              reference :  analogin_read
              reference :  analogin_read_u16
              reference :  mbed_assert_internal
Loading object BUILD/NUCLEO_F429ZI/ARMC6/mbed-os/drivers/source/AnalogOut.o.
              definition:  mbed::AnalogOut::read()
              definition:  mbed::AnalogOut::write(float)
              definition:  mbed::AnalogOut::write_u16(unsigned short)
              reference :  analogout_read
              reference :  analogout_write
              reference :  analogout_write_u16
Loading object BUILD/NUCLEO_F429ZI/ARMC6/mbed-os/drivers/source/BufferedSerial.o.
              reference :  mbed::FileHandle::size()
              weak defn :  mbed::FileHandle::tell()
              weak defn :  mbed::FileHandle::rewind()
              weak defn :  mbed::FileHandle::truncate(long)
              weak defn :  mbed::FileHandle::FileHandle__sub_object()
              weak defn :  mbed::FileHandle::~FileHandle__sub_object()
              reference :  mbed::SerialBase::_base_getc()
              reference :  mbed::SerialBase::_base_putc(int)
              reference :  mbed::SerialBase::enable_input(bool)
[...]
Building image.
Checking duplicate symbol definitions
Using Worst Fit .ANY placement algorithm.
              reference :  __scatterload_copy
              reference :  __scatterload_zeroinit
              reference :  __scatterload_null
              reference :  __scatterload_rt2
Choosing data area compressor
Data area too small to benefit from compression.
Selecting member __scatter_copy.o(c:\ProgramData\Mbed Studio\mbed-studio-tools\ac6\bin\..\lib\armlib\c_w.l) to define __scatterload_copy.
Selecting member __scatter_zi.o(c:\ProgramData\Mbed Studio\mbed-studio-tools\ac6\bin\..\lib\armlib\c_w.l) to define __scatterload_zeroinit.
Selecting member __scatter.o(c:\ProgramData\Mbed Studio\mbed-studio-tools\ac6\bin\..\lib\armlib\c_w.l) to define __scatterload_null.
Selecting member __scatter.o(c:\ProgramData\Mbed Studio\mbed-studio-tools\ac6\bin\..\lib\armlib\c_w.l) to define __scatterload_rt2.
Loading member c:\ProgramData\Mbed Studio\mbed-studio-tools\ac6\bin\..\lib\armlib\c_w.l(__scatter.o) from c:\ProgramData\Mbed Studio\mbed-studio-tools\ac6\bin\..\lib\armlib\c_w.l.
              definition:  __scatterload
              definition:  __scatterload_rt2
              definition:  __scatterload_rt2_thumb_only
              definition:  __scatterload_null
              reference :  Region$$Table$$Base
              reference :  Region$$Table$$Limit
              reference :  __rt_entry
Loading member c:\ProgramData\Mbed Studio\mbed-studio-tools\ac6\bin\..\lib\armlib\c_w.l(__scatter_copy.o) from c:\ProgramData\Mbed Studio\mbed-studio-tools\ac6\bin\..\lib\armlib\c_w.l.
              definition:  __scatterload_copy
Loading member c:\ProgramData\Mbed Studio\mbed-studio-tools\ac6\bin\..\lib\armlib\c_w.l(__scatter_zi.o) from c:\ProgramData\Mbed Studio\mbed-studio-tools\ac6\bin\..\lib\armlib\c_w.l.
              definition:  __scatterload_zeroinit
Resolving $Sub$$ and $Super$$ Symbols.
Patching/Reducing relocations
Creating output file BUILD/NUCLEO_F429ZI/ARMC6/Task5.elf.

==============================================================================

Memory Map of the image

  Image Entry point : 0x080001ad

  Load Region LR_IROM1 (Base: 0x08000000, Size: 0x000084b8, Max: 0x00200000, ABSOLUTE)

    Execution Region ER_IROM1 (Base: 0x08000000, Size: 0x00008460, Max: 0x00200000, ABSOLUTE)

    Base Addr    Size         Type   Attr      Idx    E Section Name        Object

    0x08000000   0x000001ac   Data   RO         7824    RESET               BUILD/NUCLEO_F429ZI/ARMC6/mbed-os/targets/TARGET_STM/TARGET_STM32F4/TARGET_STM32F429xI/TOOLCHAIN_ARM/startup_stm32f429xx.o
    0x080001ac   0x00000008   Code   RO         9073  * !!!main             c:\ProgramData\Mbed Studio\mbed-studio-tools\ac6\bin\..\lib\armlib\c_w.l(__main.o)
    0x080001b4   0x00000034   Code   RO         9617    !!!scatter          c:\ProgramData\Mbed Studio\mbed-studio-tools\ac6\bin\..\lib\armlib\c_w.l(__scatter.o)
    0x080001e8   0x0000001a   Code   RO         9619    !!handler_copy      c:\ProgramData\Mbed Studio\mbed-studio-tools\ac6\bin\..\lib\armlib\c_w.l(__scatter_copy.o)
    0x08000202   0x00000002   PAD
    0x08000204   0x0000001c   Code   RO         9621    !!handler_zi        c:\ProgramData\Mbed Studio\mbed-studio-tools\ac6\bin\..\lib\armlib\c_w.l(__scatter_zi.o)
    0x08000220   0x00000000   Code   RO         8997    .ARM.Collect$$_printf_percent$$00000000  c:\ProgramData\Mbed Studio\mbed-studio-tools\ac6\bin\..\lib\armlib\c_w.l(_printf_percent.o)
    0x08000220   0x00000006   Code   RO         9174    .ARM.Collect$$_printf_percent$$00000001  c:\ProgramData\Mbed Studio\mbed-studio-tools\ac6\bin\..\lib\armlib\c_w.l(_printf_n.o)
    0x08000226   0x00000006   Code   RO         8995    .ARM.Collect$$_printf_percent$$00000002  c:\ProgramData\Mbed Studio\mbed-studio-tools\ac6\bin\..\lib\armlib\c_w.l(_printf_p.o)
    0x0800022c   0x00000006   Code   RO         9178    .ARM.Collect$$_printf_percent$$00000003  c:\ProgramData\Mbed Studio\mbed-studio-tools\ac6\bin\..\lib\armlib\c_w.l(_printf_f.o)
    0x08000232   0x00000006   Code   RO         9179    .ARM.Collect$$_printf_percent$$00000004  c:\ProgramData\Mbed Studio\mbed-studio-tools\ac6\bin\..\lib\armlib\c_w.l(_printf_e.o)
    0x08000238   0x00000006   Code   RO         9180    .ARM.Collect$$_printf_percent$$00000005  c:\ProgramData\Mbed Studio\mbed-studio-tools\ac6\bin\..\lib\armlib\c_w.l(_printf_g.o)
    0x0800023e   0x00000006   Code   RO         9181    .ARM.Collect$$_printf_percent$$00000006  c:\ProgramData\Mbed Studio\mbed-studio-tools\ac6\bin\..\lib\armlib\c_w.l(_printf_a.o)
    0x08000244   0x0000000a   Code   RO         9186    .ARM.Collect$$_printf_percent$$00000007  c:\ProgramData\Mbed Studio\mbed-studio-tools\ac6\bin\..\lib\armlib\c_w.l(_printf_ll.o)
    0x0800024e   0x00000006   Code   RO         9176    .ARM.Collect$$_printf_percent$$00000008  c:\ProgramData\Mbed Studio\mbed-studio-tools\ac6\bin\..\lib\armlib\c_w.l(_printf_i.o)
    0x08000254   0x00000006   Code   RO         9177    .ARM.Collect$$_printf_percent$$00000009  c:\ProgramData\Mbed Studio\mbed-studio-tools\ac6\bin\..\lib\armlib\c_w.l(_printf_d.o)
    0x0800025a   0x00000006   Code   RO         8996    .ARM.Collect$$_printf_percent$$0000000A  c:\ProgramData\Mbed Studio\mbed-studio-tools\ac6\bin\..\lib\armlib\c_w.l(_printf_u.o)
    0x08000260   0x00000006   Code   RO         9175    .ARM.Collect$$_printf_percent$$0000000B  c:\ProgramData\Mbed Studio\mbed-studio-tools\ac6\bin\..\lib\armlib\c_w.l(_printf_o.o)
    0x08000266   0x00000006   Code   RO         8994    .ARM.Collect$$_printf_percent$$0000000C  c:\ProgramData\Mbed Studio\mbed-studio-tools\ac6\bin\..\lib\armlib\c_w.l(_printf_x.o)
    0x0800026c   0x00000006   Code   RO         9183    .ARM.Collect$$_printf_percent$$0000000D  c:\ProgramData\Mbed Studio\mbed-studio-tools\ac6\bin\..\lib\armlib\c_w.l(_printf_lli.o)
    0x08000272   0x00000006   Code   RO         9184    .ARM.Collect$$_printf_percent$$0000000E  c:\ProgramData\Mbed Studio\mbed-studio-tools\ac6\bin\..\lib\armlib\c_w.l(_printf_lld.o)
    0x08000278   0x00000006   Code   RO         9185    .ARM.Collect$$_printf_percent$$0000000F  c:\ProgramData\Mbed Studio\mbed-studio-tools\ac6\bin\..\lib\armlib\c_w.l(_printf_llu.o)
    0x0800027e   0x00000006   Code   RO         9190    .ARM.Collect$$_printf_percent$$00000010  c:\ProgramData\Mbed Studio\mbed-studio-tools\ac6\bin\..\lib\armlib\c_w.l(_printf_llo.o)
    0x08000284   0x00000006   Code   RO         9191    .ARM.Collect$$_printf_percent$$00000011  c:\ProgramData\Mbed Studio\mbed-studio-tools\ac6\bin\..\lib\armlib\c_w.l(_printf_llx.o)
    0x0800028a   0x0000000a   Code   RO         9187    .ARM.Collect$$_printf_percent$$00000012  c:\ProgramData\Mbed Studio\mbed-studio-tools\ac6\bin\..\lib\armlib\c_w.l(_printf_l.o)
    0x08000294   0x00000006   Code   RO         9173    .ARM.Collect$$_printf_percent$$00000013  c:\ProgramData\Mbed Studio\mbed-studio-tools\ac6\bin\..\lib\armlib\c_w.l(_printf_c.o)
    0x0800029a   0x00000006   Code   RO         8993    .ARM.Collect$$_printf_percent$$00000014  c:\ProgramData\Mbed Studio\mbed-studio-tools\ac6\bin\..\lib\armlib\c_w.l(_printf_s.o)
    0x080002a0   0x00000006   Code   RO         9188    .ARM.Collect$$_printf_percent$$00000015  c:\ProgramData\Mbed Studio\mbed-studio-tools\ac6\bin\..\lib\armlib\c_w.l(_printf_lc.o)
    0x080002a6   0x00000006   Code   RO         9189    .ARM.Collect$$_printf_percent$$00000016  c:\ProgramData\Mbed Studio\mbed-studio-tools\ac6\bin\..\lib\armlib\c_w.l(_printf_ls.o)
    0x080002ac   0x00000004   Code   RO         9182    .ARM.Collect$$_printf_percent$$00000017  c:\ProgramData\Mbed Studio\mbed-studio-tools\ac6\bin\..\lib\armlib\c_w.l(_printf_percent_end.o)
    0x080002b0   0x00000002   Code   RO         9072    .ARM.Collect$$libinit$$00000000  c:\ProgramData\Mbed Studio\mbed-studio-tools\ac6\bin\..\lib\armlib\c_w.l(libinit.o)
    0x080002b2   0x00000004   Code   RO         9231    .ARM.Collect$$libinit$$00000001  c:\ProgramData\Mbed Studio\mbed-studio-tools\ac6\bin\..\lib\armlib\c_w.l(libinit2.o)
    0x080002b6   0x00000000   Code   RO         9234    .ARM.Collect$$libinit$$00000004  c:\ProgramData\Mbed Studio\mbed-studio-tools\ac6\bin\..\lib\armlib\c_w.l(libinit2.o)
    0x080002b6   0x00000008   Code   RO         9235    .ARM.Collect$$libinit$$00000005  c:\ProgramData\Mbed Studio\mbed-studio-tools\ac6\bin\..\lib\armlib\c_w.l(libinit2.o)
    0x080002be   0x00000000   Code   RO         9237    .ARM.Collect$$libinit$$0000000A  c:\ProgramData\Mbed Studio\mbed-studio-tools\ac6\bin\..\lib\armlib\c_w.l(libinit2.o)
    0x080002be   0x00000000   Code   RO         9239    .ARM.Collect$$libinit$$0000000C  c:\ProgramData\Mbed Studio\mbed-studio-tools\ac6\bin\..\lib\armlib\c_w.l(libinit2.o)
    0x080002be   0x00000000   Code   RO         9241    .ARM.Collect$$libinit$$0000000E  c:\ProgramData\Mbed Studio\mbed-studio-tools\ac6\bin\..\lib\armlib\c_w.l(libinit2.o)
    0x080002be   0x00000006   Code   RO         9242    .ARM.Collect$$libinit$$0000000F  c:\ProgramData\Mbed Studio\mbed-studio-tools\ac6\bin\..\lib\armlib\c_w.l(libinit2.o)
    0x080002c4   0x00000000   Code   RO         9244    .ARM.Collect$$libinit$$00000011  c:\ProgramData\Mbed Studio\mbed-studio-tools\ac6\bin\..\lib\armlib\c_w.l(libinit2.o)
    0x080002c4   0x0000000c   Code   RO         9245    .ARM.Collect$$libinit$$00000012  c:\ProgramData\Mbed Studio\mbed-studio-tools\ac6\bin\..\lib\armlib\c_w.l(libinit2.o)
    0x080002d0   0x00000000   Code   RO         9246    .ARM.Collect$$libinit$$00000013  c:\ProgramData\Mbed Studio\mbed-studio-tools\ac6\bin\..\lib\armlib\c_w.l(libinit2.o)
    0x080002d0   0x00000000   Code   RO         9248    .ARM.Collect$$libinit$$00000015  c:\ProgramData\Mbed Studio\mbed-studio-tools\ac6\bin\..\lib\armlib\c_w.l(libinit2.o)
    0x080002d0   0x0000000a   Code   RO         9249    .ARM.Collect$$libinit$$00000016  c:\ProgramData\Mbed Studio\mbed-studio-tools\ac6\bin\..\lib\armlib\c_w.l(libinit2.o)
    0x080002da   0x00000000   Code   RO         9250    .ARM.Collect$$libinit$$00000017  c:\ProgramData\Mbed Studio\mbed-studio-tools\ac6\bin\..\lib\armlib\c_w.l(libinit2.o)
    0x080002da   0x00000000   Code   RO         9252    .ARM.Collect$$libinit$$00000019  c:\ProgramData\Mbed Studio\mbed-studio-tools\ac6\bin\..\lib\armlib\c_w.l(libinit2.o)
    0x080002da   0x00000000   Code   RO         9254    .ARM.Collect$$libinit$$0000001B  c:\ProgramData\Mbed Studio\mbed-studio-tools\ac6\bin\..\lib\armlib\c_w.l(libinit2.o)
    0x080002da   0x00000000   Code   RO         9256    .ARM.Collect$$libinit$$0000001D  c:\ProgramData\Mbed Studio\mbed-studio-tools\ac6\bin\..\lib\armlib\c_w.l(libinit2.o)
    0x080002da   0x00000000   Code   RO         9258    .ARM.Collect$$libinit$$0000001F  c:\ProgramData\Mbed Studio\mbed-studio-tools\ac6\bin\..\lib\armlib\c_w.l(libinit2.o)
    0x080002da   0x00000000   Code   RO         9260    .ARM.Collect$$libinit$$00000021  c:\ProgramData\Mbed Studio\mbed-studio-tools\ac6\bin\..\lib\armlib\c_w.l(libinit2.o)
    0x080002da   0x00000000   Code   RO         9262    .ARM.Collect$$libinit$$00000023  c:\ProgramData\Mbed Studio\mbed-studio-tools\ac6\bin\..\lib\armlib\c_w.l(libinit2.o)
    0x080002da   0x00000004   Code   RO         9263    .ARM.Collect$$libinit$$00000024  c:\ProgramData\Mbed Studio\mbed-studio-tools\ac6\bin\..\lib\armlib\c_w.l(libinit2.o)
    0x080002de   0x00000000   Code   RO         9264    .ARM.Collect$$libinit$$00000025  c:\ProgramData\Mbed Studio\mbed-studio-tools\ac6\bin\..\lib\armlib\c_w.l(libinit2.o)
    0x080002de   0x00000000   Code   RO         9268    .ARM.Collect$$libinit$$0000002C  c:\ProgramData\Mbed Studio\mbed-studio-tools\ac6\bin\..\lib\armlib\c_w.l(libinit2.o)
    0x080002de   0x00000000   Code   RO         9270    .ARM.Collect$$libinit$$0000002E  c:\ProgramData\Mbed Studio\mbed-studio-tools\ac6\bin\..\lib\armlib\c_w.l(libinit2.o)
    0x080002de   0x00000000   Code   RO         9272    .ARM.Collect$$libinit$$00000030  c:\ProgramData\Mbed Studio\mbed-studio-tools\ac6\bin\..\lib\armlib\c_w.l(libinit2.o)
    0x080002de   0x00000004   Code   RO         9273    .ARM.Collect$$libinit$$00000031  c:\ProgramData\Mbed Studio\mbed-studio-tools\ac6\bin\..\lib\armlib\c_w.l(libinit2.o)
    0x080002e2   0x00000000   Code   RO         9274    .ARM.Collect$$libinit$$00000032  c:\ProgramData\Mbed Studio\mbed-studio-tools\ac6\bin\..\lib\armlib\c_w.l(libinit2.o)
    0x080002e2   0x00000002   Code   RO         9275    .ARM.Collect$$libinit$$00000033  c:\ProgramData\Mbed Studio\mbed-studio-tools\ac6\bin\..\lib\armlib\c_w.l(libinit2.o)
    0x080002e4   0x00000000   Code   RO         9414    .ARM.Collect$$libshutdown$$00000004  c:\ProgramData\Mbed Studio\mbed-studio-tools\ac6\bin\..\lib\armlib\c_w.l(libshutdown2.o)
    0x080002e4   0x00000000   Code   RO         9118    .ARM.Collect$$rtentry$$00000000  c:\ProgramData\Mbed Studio\mbed-studio-tools\ac6\bin\..\lib\armlib\c_w.l(__rtentry.o)
    0x080002e4   0x00000000   Code   RO         9310    .ARM.Collect$$rtentry$$00000002  c:\ProgramData\Mbed Studio\mbed-studio-tools\ac6\bin\..\lib\armlib\c_w.l(__rtentry2.o)
    0x080002e4   0x00000004   Code   RO         9324    .ARM.Collect$$rtentry$$00000007  c:\ProgramData\Mbed Studio\mbed-studio-tools\ac6\bin\..\lib\armlib\c_w.l(__rtentry7.o)
    0x080002e8   0x00000008   Code   RO         9311    .ARM.Collect$$rtentry$$00000008  c:\ProgramData\Mbed Studio\mbed-studio-tools\ac6\bin\..\lib\armlib\c_w.l(__rtentry2.o)
    0x080002f0   0x00000004   Code   RO         9313    .ARM.Collect$$rtentry$$0000000A  c:\ProgramData\Mbed Studio\mbed-studio-tools\ac6\bin\..\lib\armlib\c_w.l(__rtentry2.o)
    0x080002f4   0x00000000   Code   RO         9315    .ARM.Collect$$rtentry$$0000000C  c:\ProgramData\Mbed Studio\mbed-studio-tools\ac6\bin\..\lib\armlib\c_w.l(__rtentry2.o)
    0x080002f4   0x00000008   Code   RO         9316    .ARM.Collect$$rtentry$$0000000D  c:\ProgramData\Mbed Studio\mbed-studio-tools\ac6\bin\..\lib\armlib\c_w.l(__rtentry2.o)
    0x080002fc   0x00000004   Code   RO         9325    .ARM.Collect$$rtentry$$00002718  c:\ProgramData\Mbed Studio\mbed-studio-tools\ac6\bin\..\lib\armlib\c_w.l(__rtentry7.o)
    0x08000300   0x0000005c   Code   RO         2270    .text               BUILD/NUCLEO_F429ZI/ARMC6/mbed-os/platform/source/TARGET_CORTEX_M/TOOLCHAIN_ARM/except.o
    0x0800035c   0x00000024   Code   RO         7825    .text               BUILD/NUCLEO_F429ZI/ARMC6/mbed-os/targets/TARGET_STM/TARGET_STM32F4/TARGET_STM32F429xI/TOOLCHAIN_ARM/startup_stm32f429xx.o
    0x08000380   0x00000002   Code   RO         8853    .text               c:\ProgramData\Mbed Studio\mbed-studio-tools\ac6\bin\..\lib\armlib\c_w.l(use_no_semi_2.o)
    0x08000382   0x00000002   PAD
    0x08000384   0x00000008   Code   RO         8855    .text               c:\ProgramData\Mbed Studio\mbed-studio-tools\ac6\bin\..\lib\armlib\c_w.l(rt_errno_addr.o)
    0x0800038c   0x0000005e   Code   RO         8864    .text               c:\ProgramData\Mbed Studio\mbed-studio-tools\ac6\bin\..\lib\armlib\c_w.l(h1_alloc.o)
    0x080003ea   0x0000004e   Code   RO         8866    .text               c:\ProgramData\Mbed Studio\mbed-studio-tools\ac6\bin\..\lib\armlib\c_w.l(h1_free.o)
    0x08000438   0x000000f0   Code   RO         8922    .text               c:\ProgramData\Mbed Studio\mbed-studio-tools\ac6\bin\..\lib\armlib\c_w.l(lludivv7m.o)
    0x08000528   0x00000034   Code   RO         8930    .text               c:\ProgramData\Mbed Studio\mbed-studio-tools\ac6\bin\..\lib\armlib\c_w.l(vsnprintf.o)
    0x0800055c   0x0000000a   Code   RO         8934    .text               c:\ProgramData\Mbed Studio\mbed-studio-tools\ac6\bin\..\lib\armlib\c_w.l(__2vfprintf.o)
    0x08000566   0x0000004e   Code   RO         8946    .text               c:\ProgramData\Mbed Studio\mbed-studio-tools\ac6\bin\..\lib\armlib\c_w.l(_printf_pad.o)
    0x080005b4   0x00000052   Code   RO         8948    .text               c:\ProgramData\Mbed Studio\mbed-studio-tools\ac6\bin\..\lib\armlib\c_w.l(_printf_str.o)
    0x08000606   0x00000002   PAD
    0x08000608   0x00000078   Code   RO         8950    .text               c:\ProgramData\Mbed Studio\mbed-studio-tools\ac6\bin\..\lib\armlib\c_w.l(_printf_dec.o)
    0x08000680   0x00000094   Code   RO         8970    .text               c:\ProgramData\Mbed Studio\mbed-studio-tools\ac6\bin\..\lib\armlib\c_w.l(_printf_hex_int_ll_ptr.o)
    0x08000714   0x00000188   Code   RO         8990    .text               c:\ProgramData\Mbed Studio\mbed-studio-tools\ac6\bin\..\lib\armlib\c_w.l(__printf_flags_ss_wp.o)
    0x0800089c   0x00000064   Code   RO         9006    .text               c:\ProgramData\Mbed Studio\mbed-studio-tools\ac6\bin\..\lib\armlib\c_w.l(fflush.o)
    0x08000900   0x000000f8   Code   RO         9020    .text               c:\ProgramData\Mbed Studio\mbed-studio-tools\ac6\bin\..\lib\armlib\c_w.l(fseek.o)
    0x080009f8   0x000000f0   Code   RO         9024    .text               c:\ProgramData\Mbed Studio\mbed-studio-tools\ac6\bin\..\lib\armlib\c_w.l(fopen.o)
    0x08000ae8   0x0000004c   Code   RO         9034    .text               c:\ProgramData\Mbed Studio\mbed-studio-tools\ac6\bin\..\lib\armlib\c_w.l(fclose.o)
    0x08000b34   0x0000001c   Code   RO         9048    .text               c:\ProgramData\Mbed Studio\mbed-studio-tools\ac6\bin\..\lib\armlib\c_w.l(strspn.o)
    0x08000b50   0x00000058   Code   RO         9052    .text               c:\ProgramData\Mbed Studio\mbed-studio-tools\ac6\bin\..\lib\armlib\c_w.l(memcmp.o)
    0x08000ba8   0x0000003e   Code   RO         9054    .text               c:\ProgramData\Mbed Studio\mbed-studio-tools\ac6\bin\..\lib\armlib\c_w.l(strlen.o)
    0x08000be6   0x00000064   Code   RO         9058    .text               c:\ProgramData\Mbed Studio\mbed-studio-tools\ac6\bin\..\lib\armlib\c_w.l(rt_memcpy_w.o)
    0x08000c4a   0x0000004e   Code   RO         9064    .text               c:\ProgramData\Mbed Studio\mbed-studio-tools\ac6\bin\..\lib\armlib\c_w.l(rt_memclr_w.o)
    0x08000c98   0x0000007c   Code   RO         9068    .text               c:\ProgramData\Mbed Studio\mbed-studio-tools\ac6\bin\..\lib\armlib\c_w.l(strcmpv7em.o)
    0x08000d14   0x00000006   Code   RO         9070    .text               c:\ProgramData\Mbed Studio\mbed-studio-tools\ac6\bin\..\lib\armlib\c_w.l(heapauxi.o)
    0x08000d1a   0x00000002   PAD
    0x08000d1c   0x00000024   Code   RO         9078    .text               c:\ProgramData\Mbed Studio\mbed-studio-tools\ac6\bin\..\lib\armlib\c_w.l(init_aeabi.o)
    0x08000d40   0x00000002   Code   RO         9114    .text               c:\ProgramData\Mbed Studio\mbed-studio-tools\ac6\bin\..\lib\armlib\c_w.l(use_no_semi.o)
    0x08000d42   0x00000002   PAD
    0x08000d44   0x00000008   Code   RO         9123    .text               c:\ProgramData\Mbed Studio\mbed-studio-tools\ac6\bin\..\lib\armlib\c_w.l(rt_heap_descriptor.o)
    0x08000d4c   0x00000004   Code   RO         9128    .text               c:\ProgramData\Mbed Studio\mbed-studio-tools\ac6\bin\..\lib\armlib\c_w.l(hguard.o)
    0x08000d50   0x0000008a   Code   RO         9130    .text               c:\ProgramData\Mbed Studio\mbed-studio-tools\ac6\bin\..\lib\armlib\c_w.l(init_alloc.o)
    0x08000dda   0x0000000e   Code   RO         9134    .text               c:\ProgramData\Mbed Studio\mbed-studio-tools\ac6\bin\..\lib\armlib\c_w.l(h1_init.o)
    0x08000de8   0x00000024   Code   RO         9146    .text               c:\ProgramData\Mbed Studio\mbed-studio-tools\ac6\bin\..\lib\armlib\c_w.l(_printf_truncate.o)
    0x08000e0c   0x000000b2   Code   RO         9148    .text               c:\ProgramData\Mbed Studio\mbed-studio-tools\ac6\bin\..\lib\armlib\c_w.l(_printf_intcommon.o)
    0x08000ebe   0x00000028   Code   RO         9150    .text               c:\ProgramData\Mbed Studio\mbed-studio-tools\ac6\bin\..\lib\armlib\c_w.l(_printf_charcount.o)
    0x08000ee6   0x00000002   PAD
    0x08000ee8   0x00000030   Code   RO         9152    .text               c:\ProgramData\Mbed Studio\mbed-studio-tools\ac6\bin\..\lib\armlib\c_w.l(_printf_char_common.o)
    0x08000f18   0x0000000a   Code   RO         9154    .text               c:\ProgramData\Mbed Studio\mbed-studio-tools\ac6\bin\..\lib\armlib\c_w.l(_sputc.o)
    0x08000f22   0x00000010   Code   RO         9156    .text               c:\ProgramData\Mbed Studio\mbed-studio-tools\ac6\bin\..\lib\armlib\c_w.l(_snputc.o)
    0x08000f32   0x0000002c   Code   RO         9158    .text               c:\ProgramData\Mbed Studio\mbed-studio-tools\ac6\bin\..\lib\armlib\c_w.l(_printf_char.o)
    0x08000f5e   0x00000002   PAD
    0x08000f60   0x00000024   Code   RO         9160    .text               c:\ProgramData\Mbed Studio\mbed-studio-tools\ac6\bin\..\lib\armlib\c_w.l(_printf_char_file.o)
    0x08000f84   0x000000bc   Code   RO         9162    .text               c:\ProgramData\Mbed Studio\mbed-studio-tools\ac6\bin\..\lib\armlib\c_w.l(_printf_wctomb.o)
    0x08001040   0x0000007c   Code   RO         9165    .text               c:\ProgramData\Mbed Studio\mbed-studio-tools\ac6\bin\..\lib\armlib\c_w.l(_printf_longlong_dec.o)
    0x080010bc   0x00000070   Code   RO         9171    .text               c:\ProgramData\Mbed Studio\mbed-studio-tools\ac6\bin\..\lib\armlib\c_w.l(_printf_oct_int_ll.o)
    0x0800112c   0x00000008   Code   RO         9208    .text               c:\ProgramData\Mbed Studio\mbed-studio-tools\ac6\bin\..\lib\armlib\c_w.l(ferror.o)
    0x08001134   0x000001d6   Code   RO         9212    .text               c:\ProgramData\Mbed Studio\mbed-studio-tools\ac6\bin\..\lib\armlib\c_w.l(flsbuf.o)
    0x0800130a   0x00000042   Code   RO         9214    .text               c:\ProgramData\Mbed Studio\mbed-studio-tools\ac6\bin\..\lib\armlib\c_w.l(ftell.o)
    0x0800134c   0x00000046   Code   RO         9216    .text               c:\ProgramData\Mbed Studio\mbed-studio-tools\ac6\bin\..\lib\armlib\c_w.l(setvbuf.o)
    0x08001392   0x00000002   PAD
    0x08001394   0x000000f0   Code   RO         9218    .text               c:\ProgramData\Mbed Studio\mbed-studio-tools\ac6\bin\..\lib\armlib\c_w.l(stdio.o)
    0x08001484   0x00000138   Code   RO         9221    .text               c:\ProgramData\Mbed Studio\mbed-studio-tools\ac6\bin\..\lib\armlib\c_w.l(initio.o)
    0x080015bc   0x00000000   Code   RO         9333    .text               c:\ProgramData\Mbed Studio\mbed-studio-tools\ac6\bin\..\lib\armlib\c_w.l(maybetermalloc1.o)
    0x080015bc   0x00000034   Code   RO         9335    .text               c:\ProgramData\Mbed Studio\mbed-studio-tools\ac6\bin\..\lib\armlib\c_w.l(h1_extend.o)
    0x080015f0   0x0000008a   Code   RO         9339    .text               c:\ProgramData\Mbed Studio\mbed-studio-tools\ac6\bin\..\lib\armlib\c_w.l(lludiv10.o)
    0x0800167a   0x0000041c   Code   RO         9343    .text               c:\ProgramData\Mbed Studio\mbed-studio-tools\ac6\bin\..\lib\armlib\c_w.l(_printf_fp_dec.o)
    0x08001a96   0x00000002   PAD
    0x08001a98   0x000002fc   Code   RO         9347    .text               c:\ProgramData\Mbed Studio\mbed-studio-tools\ac6\bin\..\lib\armlib\c_w.l(_printf_fp_hex.o)
    0x08001d94   0x0000002c   Code   RO         9354    .text               c:\ProgramData\Mbed Studio\mbed-studio-tools\ac6\bin\..\lib\armlib\c_w.l(_printf_wchar.o)
    0x08001dc0   0x00000048   Code   RO         9392    .text               c:\ProgramData\Mbed Studio\mbed-studio-tools\ac6\bin\..\lib\armlib\c_w.l(_c16rtomb.o)
    0x08001e08   0x00000016   Code   RO         9394    .text               c:\ProgramData\Mbed Studio\mbed-studio-tools\ac6\bin\..\lib\armlib\c_w.l(abort.o)
    0x08001e1e   0x0000000e   Code   RO         9396    .text               c:\ProgramData\Mbed Studio\mbed-studio-tools\ac6\bin\..\lib\armlib\c_w.l(defsig_rtred_outer.o)
    0x08001e2c   0x0000000e   Code   RO         9400    .text               c:\ProgramData\Mbed Studio\mbed-studio-tools\ac6\bin\..\lib\armlib\c_w.l(defsig_rtmem_outer.o)
    0x08001e3a   0x00000002   PAD
    0x08001e3c   0x00000010   Code   RO         9429    .text               c:\ProgramData\Mbed Studio\mbed-studio-tools\ac6\bin\..\lib\armlib\c_w.l(rt_ctype_table.o)
    0x08001e4c   0x00000008   Code   RO         9433    .text               c:\ProgramData\Mbed Studio\mbed-studio-tools\ac6\bin\..\lib\armlib\c_w.l(rt_locale.o)
    0x08001e54   0x00000080   Code   RO         9442    .text               c:\ProgramData\Mbed Studio\mbed-studio-tools\ac6\bin\..\lib\armlib\c_w.l(_printf_fp_infnan.o)
    0x08001ed4   0x000000e4   Code   RO         9444    .text               c:\ProgramData\Mbed Studio\mbed-studio-tools\ac6\bin\..\lib\armlib\c_w.l(bigflt0.o)
    0x08001fb8   0x0000000a   Code   RO         9479    .text               c:\ProgramData\Mbed Studio\mbed-studio-tools\ac6\bin\..\lib\armlib\c_w.l(defsig_exit.o)
    0x08001fc2   0x0000000e   Code   RO         9481    .text               c:\ProgramData\Mbed Studio\mbed-studio-tools\ac6\bin\..\lib\armlib\c_w.l(defsig_abrt_outer.o)
    0x08001fd0   0x00000034   Code   RO         9489    .text               c:\ProgramData\Mbed Studio\mbed-studio-tools\ac6\bin\..\lib\armlib\c_w.l(defsig_rtred_inner.o)
    0x08002004   0x00000050   Code   RO         9491    .text               c:\ProgramData\Mbed Studio\mbed-studio-tools\ac6\bin\..\lib\armlib\c_w.l(defsig_rtmem_inner.o)
    0x08002054   0x00000032   Code   RO         9539    .text               c:\ProgramData\Mbed Studio\mbed-studio-tools\ac6\bin\..\lib\armlib\c_w.l(defsig_general.o)
    0x08002086   0x00000002   PAD
    0x08002088   0x00000030   Code   RO         9541    .text               c:\ProgramData\Mbed Studio\mbed-studio-tools\ac6\bin\..\lib\armlib\c_w.l(defsig_abrt_inner.o)
    0x080020b8   0x00000002   Code   RO         2938    .text.$Sub$$__cpp_initialize__aeabi_  BUILD/NUCLEO_F429ZI/ARMC6/mbed-os/platform/source/mbed_sdk_boot.o
    0x080020ba   0x00000002   PAD
    0x080020bc   0x00000032   Code   RO         2764    .text.$Sub$$__rt_lib_init  BUILD/NUCLEO_F429ZI/ARMC6/mbed-os/platform/source/mbed_retarget.o
    0x080020ee   0x00000002   PAD
    0x080020f0   0x0000005c   Code   RO         2944    .text.$Sub$$main    BUILD/NUCLEO_F429ZI/ARMC6/mbed-os/platform/source/mbed_sdk_boot.o
    0x0800214c   0x00000012   Code   RO         8188    .text.CAN1_RX0_IRQHandler  BUILD/NUCLEO_F429ZI/ARMC6/mbed-os/targets/TARGET_STM/can_api.o
    0x0800215e   0x00000002   PAD
    0x08002160   0x00000012   Code   RO         8194    .text.CAN1_SCE_IRQHandler  BUILD/NUCLEO_F429ZI/ARMC6/mbed-os/targets/TARGET_STM/can_api.o
    0x08002172   0x00000002   PAD
    0x08002174   0x00000012   Code   RO         8192    .text.CAN1_TX_IRQHandler  BUILD/NUCLEO_F429ZI/ARMC6/mbed-os/targets/TARGET_STM/can_api.o
    0x08002186   0x00000002   PAD
    0x08002188   0x00000012   Code   RO         8196    .text.CAN2_RX0_IRQHandler  BUILD/NUCLEO_F429ZI/ARMC6/mbed-os/targets/TARGET_STM/can_api.o
    0x0800219a   0x00000002   PAD
    0x0800219c   0x00000012   Code   RO         8200    .text.CAN2_SCE_IRQHandler  BUILD/NUCLEO_F429ZI/ARMC6/mbed-os/targets/TARGET_STM/can_api.o
    0x080021ae   0x00000002   PAD
    0x080021b0   0x00000012   Code   RO         8198    .text.CAN2_TX_IRQHandler  BUILD/NUCLEO_F429ZI/ARMC6/mbed-os/targets/TARGET_STM/can_api.o
    0x080021c2   0x00000002   PAD
    0x080021c4   0x00000092   Code   RO         8305    .text.HAL_GetTick   BUILD/NUCLEO_F429ZI/ARMC6/mbed-os/targets/TARGET_STM/hal_tick_overrides.o
    0x08002256   0x00000002   PAD
    0x08002258   0x00000036   Code   RO         3725    .text.HAL_Init      BUILD/NUCLEO_F429ZI/ARMC6/mbed-os/targets/TARGET_STM/TARGET_STM32F4/STM32Cube_FW/STM32F4xx_HAL_Driver/stm32f4xx_hal.o
    0x0800228e   0x00000002   PAD
    0x08002290   0x0000000a   Code   RO         8303    .text.HAL_InitTick  BUILD/NUCLEO_F429ZI/ARMC6/mbed-os/targets/TARGET_STM/hal_tick_overrides.o
    0x0800229a   0x00000002   PAD
    0x0800229c   0x00000002   Code   RO         3729    .text.HAL_MspInit   BUILD/NUCLEO_F429ZI/ARMC6/mbed-os/targets/TARGET_STM/TARGET_STM32F4/STM32Cube_FW/STM32F4xx_HAL_Driver/stm32f4xx_hal.o
    0x0800229e   0x00000002   PAD
    0x080022a0   0x00000008   Code   RO         3894    .text.HAL_NVIC_SetPriorityGrouping  BUILD/NUCLEO_F429ZI/ARMC6/mbed-os/targets/TARGET_STM/TARGET_STM32F4/STM32Cube_FW/STM32F4xx_HAL_Driver/stm32f4xx_hal_cortex.o
    0x080022a8   0x0000007a   Code   RO         5401    .text.HAL_PWREx_EnableOverDrive  BUILD/NUCLEO_F429ZI/ARMC6/mbed-os/targets/TARGET_STM/TARGET_STM32F4/STM32Cube_FW/STM32F4xx_HAL_Driver/stm32f4xx_hal_pwr_ex.o
    0x08002322   0x00000002   PAD
    0x08002324   0x00000160   Code   RO         5420    .text.HAL_RCC_ClockConfig  BUILD/NUCLEO_F429ZI/ARMC6/mbed-os/targets/TARGET_STM/TARGET_STM32F4/STM32Cube_FW/STM32F4xx_HAL_Driver/stm32f4xx_hal_rcc.o
    0x08002484   0x0000003e   Code   RO         5438    .text.HAL_RCC_GetClockConfig  BUILD/NUCLEO_F429ZI/ARMC6/mbed-os/targets/TARGET_STM/TARGET_STM32F4/STM32Cube_FW/STM32F4xx_HAL_Driver/stm32f4xx_hal_rcc.o
    0x080024c2   0x00000002   PAD
    0x080024c4   0x0000000c   Code   RO         5430    .text.HAL_RCC_GetHCLKFreq  BUILD/NUCLEO_F429ZI/ARMC6/mbed-os/targets/TARGET_STM/TARGET_STM32F4/STM32Cube_FW/STM32F4xx_HAL_Driver/stm32f4xx_hal_rcc.o
    0x080024d0   0x00000098   Code   RO         5436    .text.HAL_RCC_GetOscConfig  BUILD/NUCLEO_F429ZI/ARMC6/mbed-os/targets/TARGET_STM/TARGET_STM32F4/STM32Cube_FW/STM32F4xx_HAL_Driver/stm32f4xx_hal_rcc.o
    0x08002568   0x00000022   Code   RO         5432    .text.HAL_RCC_GetPCLK1Freq  BUILD/NUCLEO_F429ZI/ARMC6/mbed-os/targets/TARGET_STM/TARGET_STM32F4/STM32Cube_FW/STM32F4xx_HAL_Driver/stm32f4xx_hal_rcc.o
    0x0800258a   0x00000002   PAD
    0x0800258c   0x00000022   Code   RO         5434    .text.HAL_RCC_GetPCLK2Freq  BUILD/NUCLEO_F429ZI/ARMC6/mbed-os/targets/TARGET_STM/TARGET_STM32F4/STM32Cube_FW/STM32F4xx_HAL_Driver/stm32f4xx_hal_rcc.o
    0x080025ae   0x00000002   PAD
    0x080025b0   0x0000006a   Code   RO         5422    .text.HAL_RCC_GetSysClockFreq  BUILD/NUCLEO_F429ZI/ARMC6/mbed-os/targets/TARGET_STM/TARGET_STM32F4/STM32Cube_FW/STM32F4xx_HAL_Driver/stm32f4xx_hal_rcc.o
    0x0800261a   0x00000002   PAD
    0x0800261c   0x00000334   Code   RO         5418    .text.HAL_RCC_OscConfig  BUILD/NUCLEO_F429ZI/ARMC6/mbed-os/targets/TARGET_STM/TARGET_STM32F4/STM32Cube_FW/STM32F4xx_HAL_Driver/stm32f4xx_hal_rcc.o
    0x08002950   0x0000002c   Code   RO         6517    .text.HAL_TIMEx_PWMN_Start  BUILD/NUCLEO_F429ZI/ARMC6/mbed-os/targets/TARGET_STM/TARGET_STM32F4/STM32Cube_FW/STM32F4xx_HAL_Driver/stm32f4xx_hal_tim_ex.o
    0x0800297c   0x00000036   Code   RO         6275    .text.HAL_TIM_OC_Init  BUILD/NUCLEO_F429ZI/ARMC6/mbed-os/targets/TARGET_STM/TARGET_STM32F4/STM32Cube_FW/STM32F4xx_HAL_Driver/stm32f4xx_hal_tim.o
    0x080029b2   0x00000002   PAD
    0x080029b4   0x00000002   Code   RO         6277    .text.HAL_TIM_OC_MspInit  BUILD/NUCLEO_F429ZI/ARMC6/mbed-os/targets/TARGET_STM/TARGET_STM32F4/STM32Cube_FW/STM32F4xx_HAL_Driver/stm32f4xx_hal_tim.o
    0x080029b6   0x00000002   PAD
    0x080029b8   0x0000003c   Code   RO         6283    .text.HAL_TIM_OC_Start  BUILD/NUCLEO_F429ZI/ARMC6/mbed-os/targets/TARGET_STM/TARGET_STM32F4/STM32Cube_FW/STM32F4xx_HAL_Driver/stm32f4xx_hal_tim.o
    0x080029f4   0x000000a0   Code   RO         6413    .text.HAL_TIM_PWM_ConfigChannel  BUILD/NUCLEO_F429ZI/ARMC6/mbed-os/targets/TARGET_STM/TARGET_STM32F4/STM32Cube_FW/STM32F4xx_HAL_Driver/stm32f4xx_hal_tim.o
    0x08002a94   0x00000036   Code   RO         6301    .text.HAL_TIM_PWM_Init  BUILD/NUCLEO_F429ZI/ARMC6/mbed-os/targets/TARGET_STM/TARGET_STM32F4/STM32Cube_FW/STM32F4xx_HAL_Driver/stm32f4xx_hal_tim.o
    0x08002aca   0x00000002   PAD
    0x08002acc   0x00000002   Code   RO         6303    .text.HAL_TIM_PWM_MspInit  BUILD/NUCLEO_F429ZI/ARMC6/mbed-os/targets/TARGET_STM/TARGET_STM32F4/STM32Cube_FW/STM32F4xx_HAL_Driver/stm32f4xx_hal_tim.o
    0x08002ace   0x00000002   PAD
    0x08002ad0   0x0000003c   Code   RO         6309    .text.HAL_TIM_PWM_Start  BUILD/NUCLEO_F429ZI/ARMC6/mbed-os/targets/TARGET_STM/TARGET_STM32F4/STM32Cube_FW/STM32F4xx_HAL_Driver/stm32f4xx_hal_tim.o
    0x08002b0c   0x0000005e   Code   RO         6569    .text.HAL_UART_Init  BUILD/NUCLEO_F429ZI/ARMC6/mbed-os/targets/TARGET_STM/TARGET_STM32F4/STM32Cube_FW/STM32F4xx_HAL_Driver/stm32f4xx_hal_uart.o
    0x08002b6a   0x00000002   PAD
    0x08002b6c   0x00000002   Code   RO         6571    .text.HAL_UART_MspInit  BUILD/NUCLEO_F429ZI/ARMC6/mbed-os/targets/TARGET_STM/TARGET_STM32F4/STM32Cube_FW/STM32F4xx_HAL_Driver/stm32f4xx_hal_uart.o
    0x08002b6e   0x00000002   PAD
    0x08002b70   0x00000016   Code   RO         8476    .text.LL_GPIO_GetPinMode  BUILD/NUCLEO_F429ZI/ARMC6/mbed-os/targets/TARGET_STM/pinmap.o
    0x08002b86   0x00000002   PAD
    0x08002b88   0x00000020   Code   RO         8480    .text.LL_GPIO_SetAFPin_0_7  BUILD/NUCLEO_F429ZI/ARMC6/mbed-os/targets/TARGET_STM/pinmap.o
    0x08002ba8   0x00000022   Code   RO         8478    .text.LL_GPIO_SetAFPin_8_15  BUILD/NUCLEO_F429ZI/ARMC6/mbed-os/targets/TARGET_STM/pinmap.o
    0x08002bca   0x00000002   PAD
    0x08002bcc   0x00000020   Code   RO         8233    .text.LL_GPIO_SetPinMode  BUILD/NUCLEO_F429ZI/ARMC6/mbed-os/targets/TARGET_STM/gpio_api.o
    0x08002bec   0x00000020   Code   RO         8468    .text.LL_GPIO_SetPinMode  BUILD/NUCLEO_F429ZI/ARMC6/mbed-os/targets/TARGET_STM/pinmap.o
    0x08002c0c   0x0000000c   Code   RO         8470    .text.LL_GPIO_SetPinOutputType  BUILD/NUCLEO_F429ZI/ARMC6/mbed-os/targets/TARGET_STM/pinmap.o
    0x08002c18   0x00000020   Code   RO         8482    .text.LL_GPIO_SetPinPull  BUILD/NUCLEO_F429ZI/ARMC6/mbed-os/targets/TARGET_STM/pinmap.o
    0x08002c38   0x00000020   Code   RO         8464    .text.LL_GPIO_SetPinSpeed  BUILD/NUCLEO_F429ZI/ARMC6/mbed-os/targets/TARGET_STM/pinmap.o
    0x08002c58   0x0000000e   Code   RO         8525    .text.LL_TIM_CC_IsEnabledChannel  BUILD/NUCLEO_F429ZI/ARMC6/mbed-os/targets/TARGET_STM/pwmout_api.o
    0x08002c66   0x00000002   PAD
    0x08002c68   0x0000000a   Code   RO         8806    .text.LL_TIM_GenerateEvent_CC1  BUILD/NUCLEO_F429ZI/ARMC6/mbed-os/targets/TARGET_STM/us_ticker.o
    0x08002c72   0x00000002   PAD
    0x08002c74   0x00000030   Code   RO         7811    .text.SetSysClock   BUILD/NUCLEO_F429ZI/ARMC6/mbed-os/targets/TARGET_STM/TARGET_STM32F4/TARGET_STM32F429xI/TARGET_NUCLEO_F429ZI/system_clock.o
    0x08002ca4   0x000000be   Code   RO         7813    .text.SetSysClock_PLL_HSE  BUILD/NUCLEO_F429ZI/ARMC6/mbed-os/targets/TARGET_STM/TARGET_STM32F4/TARGET_STM32F429xI/TARGET_NUCLEO_F429ZI/system_clock.o
    0x08002d62   0x00000002   PAD
    0x08002d64   0x0000009c   Code   RO         7815    .text.SetSysClock_PLL_HSI  BUILD/NUCLEO_F429ZI/ARMC6/mbed-os/targets/TARGET_STM/TARGET_STM32F4/TARGET_STM32F429xI/TARGET_NUCLEO_F429ZI/system_clock.o
    0x08002e00   0x00000224   Code   RO         8223    .text.Set_GPIO_Clock  BUILD/NUCLEO_F429ZI/ARMC6/mbed-os/targets/TARGET_STM/gpio_api.o
    0x08003024   0x0000007e   Code   RO         7775    .text.SystemCoreClockUpdate  BUILD/NUCLEO_F429ZI/ARMC6/mbed-os/targets/TARGET_STM/TARGET_STM32F4/STM32Cube_FW/system_stm32f4xx.o
    0x080030a2   0x00000002   PAD
    0x080030a4   0x0000001e   Code   RO         7773    .text.SystemInit    BUILD/NUCLEO_F429ZI/ARMC6/mbed-os/targets/TARGET_STM/TARGET_STM32F4/STM32Cube_FW/system_stm32f4xx.o
    0x080030c2   0x00000002   PAD
    0x080030c4   0x00000124   Code   RO         6251    .text.TIM_Base_SetConfig  BUILD/NUCLEO_F429ZI/ARMC6/mbed-os/targets/TARGET_STM/TARGET_STM32F4/STM32Cube_FW/STM32F4xx_HAL_Driver/stm32f4xx_hal_tim.o
    0x080031e8   0x00000024   Code   RO         6285    .text.TIM_CCxChannelCmd  BUILD/NUCLEO_F429ZI/ARMC6/mbed-os/targets/TARGET_STM/TARGET_STM32F4/STM32Cube_FW/STM32F4xx_HAL_Driver/stm32f4xx_hal_tim.o
    0x0800320c   0x00000024   Code   RO         6505    .text.TIM_CCxNChannelCmd  BUILD/NUCLEO_F429ZI/ARMC6/mbed-os/targets/TARGET_STM/TARGET_STM32F4/STM32Cube_FW/STM32F4xx_HAL_Driver/stm32f4xx_hal_tim_ex.o
    0x08003230   0x00000044   Code   RO         8513    .text.TIM_ChannelConvert_HAL2LL  BUILD/NUCLEO_F429ZI/ARMC6/mbed-os/targets/TARGET_STM/pwmout_api.o
    0x08003274   0x00000064   Code   RO         6395    .text.TIM_OC1_SetConfig  BUILD/NUCLEO_F429ZI/ARMC6/mbed-os/targets/TARGET_STM/TARGET_STM32F4/STM32Cube_FW/STM32F4xx_HAL_Driver/stm32f4xx_hal_tim.o
    0x080032d8   0x0000006a   Code   RO         6397    .text.TIM_OC2_SetConfig  BUILD/NUCLEO_F429ZI/ARMC6/mbed-os/targets/TARGET_STM/TARGET_STM32F4/STM32Cube_FW/STM32F4xx_HAL_Driver/stm32f4xx_hal_tim.o
    0x08003342   0x00000002   PAD
    0x08003344   0x0000006a   Code   RO         6399    .text.TIM_OC3_SetConfig  BUILD/NUCLEO_F429ZI/ARMC6/mbed-os/targets/TARGET_STM/TARGET_STM32F4/STM32Cube_FW/STM32F4xx_HAL_Driver/stm32f4xx_hal_tim.o
    0x080033ae   0x00000002   PAD
    0x080033b0   0x00000050   Code   RO         6401    .text.TIM_OC4_SetConfig  BUILD/NUCLEO_F429ZI/ARMC6/mbed-os/targets/TARGET_STM/TARGET_STM32F4/STM32Cube_FW/STM32F4xx_HAL_Driver/stm32f4xx_hal_tim.o
    0x08003400   0x00000002   Code   RO         8449    .text.TargetBSP_Init  BUILD/NUCLEO_F429ZI/ARMC6/mbed-os/targets/TARGET_STM/mbed_overrides.o
    0x08003402   0x00000002   PAD
    0x08003404   0x0000016c   Code   RO         6573    .text.UART_SetConfig  BUILD/NUCLEO_F429ZI/ARMC6/mbed-os/targets/TARGET_STM/TARGET_STM32F4/STM32Cube_FW/STM32F4xx_HAL_Driver/stm32f4xx_hal_uart.o
    0x08003570   0x00000020   Code   RO           23    .text._GLOBAL__sub_I_main.cpp  BUILD/NUCLEO_F429ZI/ARMC6/main.o
    0x08003590   0x00000004   Code   RO           99    .text._Z21core_util_atomic_loadIN4rtos5MutexEEPT_PKS3_  BUILD/NUCLEO_F429ZI/ARMC6/mbed-os/drivers/source/AnalogIn.o
    0x08003594   0x00000004   Code   RO          103    .text._Z22core_util_atomic_storeIN4rtos5MutexEEvPPT_S3_  BUILD/NUCLEO_F429ZI/ARMC6/mbed-os/drivers/source/AnalogIn.o
    0x08003598   0x00000014   Code   RO          397    .text._ZL10gpio_writeP6gpio_ti  BUILD/NUCLEO_F429ZI/ARMC6/mbed-os/drivers/source/BusOut.o
    0x080035ac   0x00000026   Code   RO         2706    .text._ZL11get_consolei  BUILD/NUCLEO_F429ZI/ARMC6/mbed-os/platform/source/mbed_retarget.o
    0x080035d2   0x00000002   PAD
    0x080035d4   0x0000000e   Code   RO         2736    .text._ZL12convert_crlfi  BUILD/NUCLEO_F429ZI/ARMC6/mbed-os/platform/source/mbed_retarget.o
    0x080035e2   0x00000002   PAD
    0x080035e4   0x0000004e   Code   RO         2856    .text._ZL15default_consolev  BUILD/NUCLEO_F429ZI/ARMC6/mbed-os/platform/source/mbed_retarget.o
    0x08003632   0x00000002   PAD
    0x08003634   0x0000001c   Code   RO         2728    .text._ZL18handle_open_errorsij  BUILD/NUCLEO_F429ZI/ARMC6/mbed-os/platform/source/mbed_retarget.o
    0x08003650   0x0000002a   Code   RO         2726    .text._ZL18openflags_to_posixi  BUILD/NUCLEO_F429ZI/ARMC6/mbed-os/platform/source/mbed_retarget.o
    0x0800367a   0x00000002   PAD
    0x0800367c   0x00000058   Code   RO         2710    .text._ZL18reserve_filehandlev  BUILD/NUCLEO_F429ZI/ARMC6/mbed-os/platform/source/mbed_retarget.o
    0x080036d4   0x0000000e   Code   RO           21    .text._ZL9gpio_readP6gpio_t  BUILD/NUCLEO_F429ZI/ARMC6/main.o
    0x080036e2   0x00000002   PAD
    0x080036e4   0x0000005c   Code   RO           57    .text._ZN11uop_msb_2006Buzzer13offsetForNoteEPKc  BUILD/NUCLEO_F429ZI/ARMC6/main.o
    0x08003740   0x00000088   Code   RO           55    .text._ZN11uop_msb_2006Buzzer16periodForNote_usEPKcNS0_15OCTAVE_REGISTERE  BUILD/NUCLEO_F429ZI/ARMC6/main.o
    0x080037c8   0x00000010   Code   RO           51    .text._ZN11uop_msb_2006Buzzer4restEv  BUILD/NUCLEO_F429ZI/ARMC6/main.o
    0x080037d8   0x00000024   Code   RO           49    .text._ZN11uop_msb_2006Buzzer8playToneEPKcNS0_15OCTAVE_REGISTERE  BUILD/NUCLEO_F429ZI/ARMC6/main.o
    0x080037fc   0x0000004c   Code   RO           47    .text._ZN11uop_msb_2006BuzzerC2E7PinName  BUILD/NUCLEO_F429ZI/ARMC6/main.o
    0x08003848   0x0000001e   Code   RO         2692    .text._ZN12DirectSerial4readEPvj  BUILD/NUCLEO_F429ZI/ARMC6/mbed-os/platform/source/mbed_retarget.o
    0x08003866   0x00000002   PAD
    0x08003868   0x00000006   Code   RO         2886    .text._ZN12DirectSerial4seekEli  BUILD/NUCLEO_F429ZI/ARMC6/mbed-os/platform/source/mbed_retarget.o
    0x0800386e   0x00000002   PAD
    0x08003870   0x00000006   Code   RO         2892    .text._ZN12DirectSerial4sizeEv  BUILD/NUCLEO_F429ZI/ARMC6/mbed-os/platform/source/mbed_retarget.o
    0x08003876   0x00000002   PAD
    0x08003878   0x00000004   Code   RO         2888    .text._ZN12DirectSerial5closeEv  BUILD/NUCLEO_F429ZI/ARMC6/mbed-os/platform/source/mbed_retarget.o
    0x0800387c   0x00000028   Code   RO         2690    .text._ZN12DirectSerial5writeEPKvj  BUILD/NUCLEO_F429ZI/ARMC6/mbed-os/platform/source/mbed_retarget.o
    0x080038a4   0x00000004   Code   RO         2890    .text._ZN12DirectSerial6isattyEv  BUILD/NUCLEO_F429ZI/ARMC6/mbed-os/platform/source/mbed_retarget.o
    0x080038a8   0x00000044   Code   RO         2688    .text._ZN12DirectSerialC2ERK15serial_pinmap_ti  BUILD/NUCLEO_F429ZI/ARMC6/mbed-os/platform/source/mbed_retarget.o
    0x080038ec   0x0000000c   Code   RO         2884    .text._ZN12DirectSerialD0Ev  BUILD/NUCLEO_F429ZI/ARMC6/mbed-os/platform/source/mbed_retarget.o
    0x080038f8   0x00000008   Code   RO          412    .text._ZN4mbed10DigitalOut5writeEi  BUILD/NUCLEO_F429ZI/ARMC6/mbed-os/drivers/source/BusOut.o
    0x08003900   0x0000001e   Code   RO          410    .text._ZN4mbed10DigitalOutC2E7PinName  BUILD/NUCLEO_F429ZI/ARMC6/mbed-os/drivers/source/BusOut.o
    0x0800391e   0x00000002   PAD
    0x08003920   0x00000006   Code   RO         1360    .text._ZN4mbed10FileHandle12enable_inputEb  BUILD/NUCLEO_F429ZI/ARMC6/mbed-os/drivers/source/UnbufferedSerial.o
    0x08003926   0x00000002   PAD
    0x08003928   0x0000000c   Code   RO         1356    .text._ZN4mbed10FileHandle12set_blockingEb  BUILD/NUCLEO_F429ZI/ARMC6/mbed-os/drivers/source/UnbufferedSerial.o
    0x08003934   0x00000006   Code   RO         1362    .text._ZN4mbed10FileHandle13enable_outputEb  BUILD/NUCLEO_F429ZI/ARMC6/mbed-os/drivers/source/UnbufferedSerial.o
    0x0800393a   0x00000002   PAD
    0x0800393c   0x00000036   Code   RO         1981    .text._ZN4mbed10FileHandle4sizeEv  BUILD/NUCLEO_F429ZI/ARMC6/mbed-os/platform/source/FileHandle.o
    0x08003972   0x00000002   PAD
    0x08003974   0x00000004   Code   RO         1350    .text._ZN4mbed10FileHandle4syncEv  BUILD/NUCLEO_F429ZI/ARMC6/mbed-os/drivers/source/UnbufferedSerial.o
    0x08003978   0x0000000e   Code   RO          247    .text._ZN4mbed10FileHandle4tellEv  BUILD/NUCLEO_F429ZI/ARMC6/mbed-os/drivers/source/BufferedSerial.o
    0x08003986   0x00000002   PAD
    0x08003988   0x00000002   Code   RO         1364    .text._ZN4mbed10FileHandle5sigioENS_8CallbackIFvvEEE  BUILD/NUCLEO_F429ZI/ARMC6/mbed-os/drivers/source/UnbufferedSerial.o
    0x0800398a   0x00000002   PAD
    0x0800398c   0x00000004   Code   RO         1993    .text._ZN4mbed10FileHandle6isattyEv  BUILD/NUCLEO_F429ZI/ARMC6/mbed-os/platform/source/FileHandle.o
    0x08003990   0x0000000e   Code   RO          249    .text._ZN4mbed10FileHandle6rewindEv  BUILD/NUCLEO_F429ZI/ARMC6/mbed-os/drivers/source/BufferedSerial.o
    0x0800399e   0x00000002   PAD
    0x080039a0   0x00000006   Code   RO          251    .text._ZN4mbed10FileHandle8truncateEl  BUILD/NUCLEO_F429ZI/ARMC6/mbed-os/drivers/source/BufferedSerial.o
    0x080039a6   0x00000002   PAD
    0x080039a8   0x0000000e   Code   RO          215    .text._ZN4mbed10FileHandleC2Ev  BUILD/NUCLEO_F429ZI/ARMC6/mbed-os/drivers/source/BufferedSerial.o
    0x080039b6   0x00000002   PAD
    0x080039b8   0x00000002   Code   RO         1991    .text._ZN4mbed10FileHandleD0Ev  BUILD/NUCLEO_F429ZI/ARMC6/mbed-os/platform/source/FileHandle.o
    0x080039ba   0x00000002   PAD
    0x080039bc   0x00000002   Code   RO          225    .text._ZN4mbed10FileHandleD2Ev  BUILD/NUCLEO_F429ZI/ARMC6/mbed-os/drivers/source/BufferedSerial.o
    0x080039be   0x00000002   PAD
    0x080039c0   0x0000002a   Code   RO           45    .text._ZN4mbed12DigitalInOutC2E7PinName12PinDirection7PinModei  BUILD/NUCLEO_F429ZI/ARMC6/main.o
    0x080039ea   0x00000002   PAD
    0x080039ec   0x0000002e   Code   RO         2704    .text._ZN4mbed16mbed_file_handleEi  BUILD/NUCLEO_F429ZI/ARMC6/mbed-os/platform/source/mbed_retarget.o
    0x08003a1a   0x00000002   PAD
    0x08003a1c   0x00000004   Code   RO         2702    .text._ZN4mbed21mbed_override_consoleEi  BUILD/NUCLEO_F429ZI/ARMC6/mbed-os/platform/source/mbed_retarget.o
    0x08003a20   0x00000004   Code   RO         2700    .text._ZN4mbed28mbed_target_override_consoleEi  BUILD/NUCLEO_F429ZI/ARMC6/mbed-os/platform/source/mbed_retarget.o
    0x08003a24   0x00000002   Code   RO          723    .text._ZN4mbed4impl7MbedCRCILj79764919ELh32ELNS_7CrcModeE2EE10shift_leftEj  BUILD/NUCLEO_F429ZI/ARMC6/mbed-os/drivers/source/MbedCRC.o
    0x08003a26   0x00000002   PAD
    0x08003a28   0x00000008   Code   RO          721    .text._ZN4mbed4impl7MbedCRCILj79764919ELh32ELNS_7CrcModeE2EE11reflect_crcEj  BUILD/NUCLEO_F429ZI/ARMC6/mbed-os/drivers/source/MbedCRC.o
    0x08003a30   0x00000002   Code   RO          743    .text._ZN4mbed4impl7MbedCRCILj79764919ELh32ELNS_7CrcModeE2EE11shift_rightEj  BUILD/NUCLEO_F429ZI/ARMC6/mbed-os/drivers/source/MbedCRC.o
    0x08003a32   0x00000002   PAD
    0x08003a34   0x00000006   Code   RO          749    .text._ZN4mbed4impl7MbedCRCILj79764919ELh32ELNS_7CrcModeE2EE12get_crc_maskEv  BUILD/NUCLEO_F429ZI/ARMC6/mbed-os/drivers/source/MbedCRC.o
    0x08003a3a   0x00000002   PAD
    0x08003a3c   0x00000008   Code   RO          731    .text._ZN4mbed4impl7MbedCRCILj79764919ELh32ELNS_7CrcModeE2EE15compute_partialEPKvjPj  BUILD/NUCLEO_F429ZI/ARMC6/mbed-os/drivers/source/MbedCRC.o
    0x08003a44   0x00000012   Code   RO          739    .text._ZN4mbed4impl7MbedCRCILj79764919ELh32ELNS_7CrcModeE2EE15do_1_bit_normalEj  BUILD/NUCLEO_F429ZI/ARMC6/mbed-os/drivers/source/MbedCRC.o
    0x08003a56   0x00000002   PAD
    0x08003a58   0x00000006   Code   RO          745    .text._ZN4mbed4impl7MbedCRCILj79764919ELh32ELNS_7CrcModeE2EE16reflect_constantEj  BUILD/NUCLEO_F429ZI/ARMC6/mbed-os/drivers/source/MbedCRC.o
    0x08003a5e   0x00000002   PAD
    0x08003a60   0x00000012   Code   RO          737    .text._ZN4mbed4impl7MbedCRCILj79764919ELh32ELNS_7CrcModeE2EE18do_1_bit_reflectedEj  BUILD/NUCLEO_F429ZI/ARMC6/mbed-os/drivers/source/MbedCRC.o
    0x08003a72   0x00000002   PAD
    0x08003a74   0x00000010   Code   RO          747    .text._ZN4mbed4impl7MbedCRCILj79764919ELh32ELNS_7CrcModeE2EE18get_top_polynomialEv  BUILD/NUCLEO_F429ZI/ARMC6/mbed-os/drivers/source/MbedCRC.o
    0x08003a84   0x00000010   Code   RO          719    .text._ZN4mbed4impl7MbedCRCILj79764919ELh32ELNS_7CrcModeE2EE20adjust_initial_valueEjb  BUILD/NUCLEO_F429ZI/ARMC6/mbed-os/drivers/source/MbedCRC.o
    0x08003a94   0x00000036   Code   RO          733    .text._ZN4mbed4impl7MbedCRCILj79764919ELh32ELNS_7CrcModeE2EE20compute_partial_stopEPj  BUILD/NUCLEO_F429ZI/ARMC6/mbed-os/drivers/source/MbedCRC.o
    0x08003aca   0x00000002   PAD
    0x08003acc   0x00000008   Code   RO          729    .text._ZN4mbed4impl7MbedCRCILj79764919ELh32ELNS_7CrcModeE2EE21compute_partial_startEPj  BUILD/NUCLEO_F429ZI/ARMC6/mbed-os/drivers/source/MbedCRC.o
    0x08003ad4   0x00000014   Code   RO          741    .text._ZN4mbed4impl7MbedCRCILj79764919ELh32ELNS_7CrcModeE2EE24get_reflected_polynomialEv  BUILD/NUCLEO_F429ZI/ARMC6/mbed-os/drivers/source/MbedCRC.o
    0x08003ae8   0x00000034   Code   RO          727    .text._ZN4mbed4impl7MbedCRCILj79764919ELh32ELNS_7CrcModeE2EE7computeEPKvjPj  BUILD/NUCLEO_F429ZI/ARMC6/mbed-os/drivers/source/MbedCRC.o
    0x08003b1c   0x00000006   Code   RO          725    .text._ZN4mbed4impl7MbedCRCILj79764919ELh32ELNS_7CrcModeE2EE7reflectEj  BUILD/NUCLEO_F429ZI/ARMC6/mbed-os/drivers/source/MbedCRC.o
    0x08003b22   0x00000002   PAD
    0x08003b24   0x00000022   Code   RO          717    .text._ZN4mbed4impl7MbedCRCILj79764919ELh32ELNS_7CrcModeE2EEC2Ejjbb  BUILD/NUCLEO_F429ZI/ARMC6/mbed-os/drivers/source/MbedCRC.o
    0x08003b46   0x00000002   PAD
    0x08003b48   0x0000000a   Code   RO          393    .text._ZN4mbed6BusOut4lockEv  BUILD/NUCLEO_F429ZI/ARMC6/mbed-os/drivers/source/BusOut.o
    0x08003b52   0x00000002   PAD
    0x08003b54   0x0000003c   Code   RO          381    .text._ZN4mbed6BusOut5writeEi  BUILD/NUCLEO_F429ZI/ARMC6/mbed-os/drivers/source/BusOut.o
    0x08003b90   0x0000000a   Code   RO          395    .text._ZN4mbed6BusOut6unlockEv  BUILD/NUCLEO_F429ZI/ARMC6/mbed-os/drivers/source/BusOut.o
    0x08003b9a   0x00000002   PAD
    0x08003b9c   0x000000d4   Code   RO          373    .text._ZN4mbed6BusOutC2E7PinNameS1_S1_S1_S1_S1_S1_S1_S1_S1_S1_S1_S1_S1_S1_S1_  BUILD/NUCLEO_F429ZI/ARMC6/mbed-os/drivers/source/BusOut.o
    0x08003c70   0x0000000c   Code   RO          379    .text._ZN4mbed6BusOutD0Ev  BUILD/NUCLEO_F429ZI/ARMC6/mbed-os/drivers/source/BusOut.o
    0x08003c7c   0x00000032   Code   RO          377    .text._ZN4mbed6BusOutD2Ev  BUILD/NUCLEO_F429ZI/ARMC6/mbed-os/drivers/source/BusOut.o
    0x08003cae   0x00000002   PAD
    0x08003cb0   0x0000000c   Code   RO          385    .text._ZN4mbed6BusOutaSEi  BUILD/NUCLEO_F429ZI/ARMC6/mbed-os/drivers/source/BusOut.o
    0x08003cbc   0x00000016   Code   RO          828    .text._ZN4mbed6PwmOut15lock_deep_sleepEv  BUILD/NUCLEO_F429ZI/ARMC6/mbed-os/drivers/source/PwmOut.o
    0x08003cd2   0x00000002   PAD
    0x08003cd4   0x0000002c   Code   RO          796    .text._ZN4mbed6PwmOut4initEv  BUILD/NUCLEO_F429ZI/ARMC6/mbed-os/drivers/source/PwmOut.o
    0x08003d00   0x00000024   Code   RO          804    .text._ZN4mbed6PwmOut5writeEf  BUILD/NUCLEO_F429ZI/ARMC6/mbed-os/drivers/source/PwmOut.o
    0x08003d24   0x00000018   Code   RO          812    .text._ZN4mbed6PwmOut9period_usEi  BUILD/NUCLEO_F429ZI/ARMC6/mbed-os/drivers/source/PwmOut.o
    0x08003d3c   0x0000001c   Code   RO          794    .text._ZN4mbed6PwmOutC2E7PinName  BUILD/NUCLEO_F429ZI/ARMC6/mbed-os/drivers/source/PwmOut.o
    0x08003d58   0x00000008   Code   RO          715    .text._ZN4mbed7MbedCRCILj79764919ELh32ELNS_7CrcModeE2EE7computeEPKvjPj  BUILD/NUCLEO_F429ZI/ARMC6/mbed-os/drivers/source/MbedCRC.o
    0x08003d60   0x00000014   Code   RO          713    .text._ZN4mbed7MbedCRCILj79764919ELh32ELNS_7CrcModeE2EEC2Ejjbb  BUILD/NUCLEO_F429ZI/ARMC6/mbed-os/drivers/source/MbedCRC.o
    0x08003d74   0x00000004   Code   RO         1957    .text._ZN4mbed8FileBase11getPathTypeEv  BUILD/NUCLEO_F429ZI/ARMC6/mbed-os/platform/source/FileBase.o
    0x08003d78   0x000000a4   Code   RO         1963    .text._ZN4mbed8FileBase6lookupEPKcj  BUILD/NUCLEO_F429ZI/ARMC6/mbed-os/platform/source/FileBase.o
    0x08003e1c   0x0000001a   Code   RO         2004    .text._ZN4mbed8FilePath10fileSystemEv  BUILD/NUCLEO_F429ZI/ARMC6/mbed-os/platform/source/FilePath.o
    0x08003e36   0x00000002   PAD
    0x08003e38   0x00000018   Code   RO         2002    .text._ZN4mbed8FilePath12isFileSystemEv  BUILD/NUCLEO_F429ZI/ARMC6/mbed-os/platform/source/FilePath.o
    0x08003e50   0x0000001a   Code   RO         2008    .text._ZN4mbed8FilePath4fileEv  BUILD/NUCLEO_F429ZI/ARMC6/mbed-os/platform/source/FilePath.o
    0x08003e6a   0x00000002   PAD
    0x08003e6c   0x0000000a   Code   RO         2010    .text._ZN4mbed8FilePath6existsEv  BUILD/NUCLEO_F429ZI/ARMC6/mbed-os/platform/source/FilePath.o
    0x08003e76   0x00000002   PAD
    0x08003e78   0x00000016   Code   RO         2006    .text._ZN4mbed8FilePath6isFileEv  BUILD/NUCLEO_F429ZI/ARMC6/mbed-os/platform/source/FilePath.o
    0x08003e8e   0x00000002   PAD
    0x08003e90   0x00000004   Code   RO         2000    .text._ZN4mbed8FilePath8fileNameEv  BUILD/NUCLEO_F429ZI/ARMC6/mbed-os/platform/source/FilePath.o
    0x08003e94   0x00000088   Code   RO         1998    .text._ZN4mbed8FilePathC2EPKc  BUILD/NUCLEO_F429ZI/ARMC6/mbed-os/platform/source/FilePath.o
    0x08003f1c   0x00000008   Code   RO           59    .text._ZN4mbed9DigitalIn4readEv  BUILD/NUCLEO_F429ZI/ARMC6/main.o
    0x08003f24   0x0000001e   Code   RO           43    .text._ZN4mbed9DigitalInC2E7PinName  BUILD/NUCLEO_F429ZI/ARMC6/main.o
    0x08003f42   0x00000002   PAD
    0x08003f44   0x00000008   Code   RO           53    .text._ZN4mbed9DigitalIncviEv  BUILD/NUCLEO_F429ZI/ARMC6/main.o
    0x08003f4c   0x00000002   Code   RO           95    .text._ZN4rtos5Mutex4lockEv  BUILD/NUCLEO_F429ZI/ARMC6/mbed-os/drivers/source/AnalogIn.o
    0x08003f4e   0x00000002   PAD
    0x08003f50   0x00000002   Code   RO          105    .text._ZN4rtos5Mutex6unlockEv  BUILD/NUCLEO_F429ZI/ARMC6/mbed-os/drivers/source/AnalogIn.o
    0x08003f52   0x00000002   PAD
    0x08003f54   0x00000002   Code   RO          101    .text._ZN4rtos5MutexC2Ev  BUILD/NUCLEO_F429ZI/ARMC6/mbed-os/drivers/source/AnalogIn.o
    0x08003f56   0x00000002   PAD
    0x08003f58   0x00000002   Code   RO          221    .text._ZN4rtos5MutexD2Ev  BUILD/NUCLEO_F429ZI/ARMC6/mbed-os/drivers/source/BufferedSerial.o
    0x08003f5a   0x00000002   PAD
    0x08003f5c   0x0000003e   Code   RO         2694    .text._ZNK12DirectSerial4pollEs  BUILD/NUCLEO_F429ZI/ARMC6/mbed-os/platform/source/mbed_retarget.o
    0x08003f9a   0x00000002   PAD
    0x08003f9c   0x00000040   Code   RO         1030    .text._ZNK12SingletonPtrIN4rtos5MutexEE3getEv  BUILD/NUCLEO_F429ZI/ARMC6/mbed-os/drivers/source/SPI.o
    0x08003fdc   0x00000008   Code   RO           93    .text._ZNK12SingletonPtrIN4rtos5MutexEEptEv  BUILD/NUCLEO_F429ZI/ARMC6/mbed-os/drivers/source/AnalogIn.o
    0x08003fe4   0x00000004   Code   RO         1358    .text._ZNK4mbed10FileHandle11is_blockingEv  BUILD/NUCLEO_F429ZI/ARMC6/mbed-os/drivers/source/UnbufferedSerial.o
    0x08003fe8   0x00000004   Code   RO         1995    .text._ZNK4mbed10FileHandle4pollEs  BUILD/NUCLEO_F429ZI/ARMC6/mbed-os/platform/source/FileHandle.o
    0x08003fec   0x0000005c   Code   RO          735    .text._ZNK4mbed4impl7MbedCRCILj79764919ELh32ELNS_7CrcModeE2EE18do_compute_partialILS2_2EEENSt3__19enable_ifIXeqT_LS2_2EEiE4typeEPKhjPj  BUILD/NUCLEO_F429ZI/ARMC6/mbed-os/drivers/source/MbedCRC.o
    0x08004048   0x00000008   Code   RO         2788    .text._ZdlPv        BUILD/NUCLEO_F429ZI/ARMC6/mbed-os/platform/source/mbed_retarget.o
    0x08004050   0x0000004c   Code   RO         2836    .text._Znwj         BUILD/NUCLEO_F429ZI/ARMC6/mbed-os/platform/source/mbed_retarget.o
    0x0800409c   0x00000010   Code   RO         8796    .text.__NVIC_EnableIRQ  BUILD/NUCLEO_F429ZI/ARMC6/mbed-os/targets/TARGET_STM/us_ticker.o
    0x080040ac   0x00000020   Code   RO         3896    .text.__NVIC_SetPriorityGrouping  BUILD/NUCLEO_F429ZI/ARMC6/mbed-os/targets/TARGET_STM/TARGET_STM32F4/STM32Cube_FW/STM32F4xx_HAL_Driver/stm32f4xx_hal_cortex.o
    0x080040cc   0x00000018   Code   RO         8794    .text.__NVIC_SetVector  BUILD/NUCLEO_F429ZI/ARMC6/mbed-os/targets/TARGET_STM/us_ticker.o
    0x080040e4   0x00000024   Code   RO         2507    .text.__NVIC_SystemReset  BUILD/NUCLEO_F429ZI/ARMC6/mbed-os/platform/source/mbed_error.o
    0x08004108   0x00000058   Code   RO         2830    .text.__cxa_guard_acquire  BUILD/NUCLEO_F429ZI/ARMC6/mbed-os/platform/source/mbed_retarget.o
    0x08004160   0x0000002e   Code   RO         2832    .text.__cxa_guard_release  BUILD/NUCLEO_F429ZI/ARMC6/mbed-os/platform/source/mbed_retarget.o
    0x0800418e   0x00000002   PAD
    0x08004190   0x00000028   Code   RO         9106    .text.__cxa_pure_virtual  c:\ProgramData\Mbed Studio\mbed-studio-tools\ac6\bin\..\lib\libcxx\libcppabi_w.l(cxa_virtual.cpp.o)
    0x080041b8   0x00000012   Code   RO            5    .text.__cxx_global_var_init  BUILD/NUCLEO_F429ZI/ARMC6/main.o
    0x080041ca   0x00000002   PAD
    0x080041cc   0x00000012   Code   RO            7    .text.__cxx_global_var_init.1  BUILD/NUCLEO_F429ZI/ARMC6/main.o
    0x080041de   0x00000002   PAD
    0x080041e0   0x00000012   Code   RO            9    .text.__cxx_global_var_init.2  BUILD/NUCLEO_F429ZI/ARMC6/main.o
    0x080041f2   0x00000002   PAD
    0x080041f4   0x00000022   Code   RO           11    .text.__cxx_global_var_init.3  BUILD/NUCLEO_F429ZI/ARMC6/main.o
    0x08004216   0x00000002   PAD
    0x08004218   0x00000022   Code   RO           13    .text.__cxx_global_var_init.4  BUILD/NUCLEO_F429ZI/ARMC6/main.o
    0x0800423a   0x00000002   PAD
    0x0800423c   0x0000003e   Code   RO           15    .text.__cxx_global_var_init.5  BUILD/NUCLEO_F429ZI/ARMC6/main.o
    0x0800427a   0x00000002   PAD
    0x0800427c   0x00000012   Code   RO           17    .text.__cxx_global_var_init.6  BUILD/NUCLEO_F429ZI/ARMC6/main.o
    0x0800428e   0x00000002   PAD
    0x08004290   0x00000008   Code   RO         2766    .text.__user_setup_stackheap  BUILD/NUCLEO_F429ZI/ARMC6/mbed-os/platform/source/mbed_retarget.o
    0x08004298   0x00000024   Code   RO         1512    .text._gpio_init_in  BUILD/NUCLEO_F429ZI/ARMC6/mbed-os/hal/source/mbed_gpio.o
    0x080042bc   0x00000030   Code   RO         1518    .text._gpio_init_out  BUILD/NUCLEO_F429ZI/ARMC6/mbed-os/hal/source/mbed_gpio.o
    0x080042ec   0x00000032   Code   RO         2762    .text._mbed_user_setup_stackheap  BUILD/NUCLEO_F429ZI/ARMC6/mbed-os/platform/source/mbed_retarget.o
    0x0800431e   0x00000002   PAD
    0x08004320   0x00000008   Code   RO         2942    .text._platform_post_stackheap_init  BUILD/NUCLEO_F429ZI/ARMC6/mbed-os/platform/source/mbed_sdk_boot.o
    0x08004328   0x00000008   Code   RO         2730    .text._sys_close    BUILD/NUCLEO_F429ZI/ARMC6/mbed-os/platform/source/mbed_retarget.o
    0x08004330   0x00000002   Code   RO         2740    .text._sys_exit     BUILD/NUCLEO_F429ZI/ARMC6/mbed-os/platform/source/mbed_retarget.o
    0x08004332   0x00000002   PAD
    0x08004334   0x00000028   Code   RO         2760    .text._sys_flen     BUILD/NUCLEO_F429ZI/ARMC6/mbed-os/platform/source/mbed_retarget.o
    0x0800435c   0x00000008   Code   RO         2748    .text._sys_istty    BUILD/NUCLEO_F429ZI/ARMC6/mbed-os/platform/source/mbed_retarget.o
    0x08004364   0x0000006a   Code   RO         2722    .text._sys_open     BUILD/NUCLEO_F429ZI/ARMC6/mbed-os/platform/source/mbed_retarget.o
    0x080043ce   0x00000002   PAD
    0x080043d0   0x0000000a   Code   RO         2750    .text._sys_seek     BUILD/NUCLEO_F429ZI/ARMC6/mbed-os/platform/source/mbed_retarget.o
    0x080043da   0x00000002   PAD
    0x080043dc   0x00000118   Code   RO         2734    .text._sys_write    BUILD/NUCLEO_F429ZI/ARMC6/mbed-os/platform/source/mbed_retarget.o
    0x080044f4   0x00000030   Code   RO         1654    .text._ticker_match_interval_passed  BUILD/NUCLEO_F429ZI/ARMC6/mbed-os/hal/source/mbed_ticker_api.o
    0x08004524   0x00000018   Code   RO         2742    .text._ttywrch      BUILD/NUCLEO_F429ZI/ARMC6/mbed-os/platform/source/mbed_retarget.o
    0x0800453c   0x00000004   Code   RO         9306    .text.abort_message  c:\ProgramData\Mbed Studio\mbed-studio-tools\ac6\bin\..\lib\libcxx\libcppabi_w.l(abort_message.cpp.o)
    0x08004540   0x0000000c   Code   RO         1481    .text.are_interrupts_enabled  BUILD/NUCLEO_F429ZI/ARMC6/mbed-os/hal/source/mbed_critical_section_api.o
    0x0800454c   0x00000002   Code   RO         1704    .text.block_us_ticker_free  BUILD/NUCLEO_F429ZI/ARMC6/mbed-os/hal/source/mbed_us_ticker_api.o
    0x0800454e   0x00000002   PAD
    0x08004550   0x00000134   Code   RO         8190    .text.can_irq       BUILD/NUCLEO_F429ZI/ARMC6/mbed-os/targets/TARGET_STM/can_api.o
    0x08004684   0x0000003a   Code   RO         2732    .text.close         BUILD/NUCLEO_F429ZI/ARMC6/mbed-os/platform/source/mbed_retarget.o
    0x080046be   0x00000002   PAD
    0x080046c0   0x000000a6   Code   RO         1688    .text.compute_tick_round_up  BUILD/NUCLEO_F429ZI/ARMC6/mbed-os/hal/source/mbed_ticker_api.o
    0x08004766   0x00000002   PAD
    0x08004768   0x0000000c   Code   RO         2442    .text.core_util_are_interrupts_enabled  BUILD/NUCLEO_F429ZI/ARMC6/mbed-os/platform/source/mbed_critical.o
    0x08004774   0x0000000c   Code   RO         2323    .text.core_util_atomic_exchange_u8  BUILD/NUCLEO_F429ZI/ARMC6/mbed-os/platform/source/mbed_atomic_impl.o
    0x08004780   0x00000016   Code   RO         2321    .text.core_util_atomic_flag_test_and_set  BUILD/NUCLEO_F429ZI/ARMC6/mbed-os/platform/source/mbed_atomic_impl.o
    0x08004796   0x00000002   PAD
    0x08004798   0x00000012   Code   RO         2331    .text.core_util_atomic_incr_u16  BUILD/NUCLEO_F429ZI/ARMC6/mbed-os/platform/source/mbed_atomic_impl.o
    0x080047aa   0x00000002   PAD
    0x080047ac   0x00000084   Code   RO         2448    .text.core_util_critical_section_enter  BUILD/NUCLEO_F429ZI/ARMC6/mbed-os/platform/source/mbed_critical.o
    0x08004830   0x0000001e   Code   RO         2450    .text.core_util_critical_section_exit  BUILD/NUCLEO_F429ZI/ARMC6/mbed-os/platform/source/mbed_critical.o
    0x0800484e   0x00000002   PAD
    0x08004850   0x0000000c   Code   RO         2444    .text.core_util_is_isr_active  BUILD/NUCLEO_F429ZI/ARMC6/mbed-os/platform/source/mbed_critical.o
    0x0800485c   0x00000054   Code   RO         8625    .text.debug         BUILD/NUCLEO_F429ZI/ARMC6/mbed-os/targets/TARGET_STM/serial_api.o
    0x080048b0   0x00000068   Code   RO         2461    .text.error         BUILD/NUCLEO_F429ZI/ARMC6/mbed-os/platform/source/mbed_error.o
    0x08004918   0x0000002e   Code   RO         2806    .text.exit          BUILD/NUCLEO_F429ZI/ARMC6/mbed-os/platform/source/mbed_retarget.o
    0x08004946   0x00000002   PAD
    0x08004948   0x0000002a   Code   RO         2758    .text.fsync         BUILD/NUCLEO_F429ZI/ARMC6/mbed-os/platform/source/mbed_retarget.o
    0x08004972   0x00000002   PAD
    0x08004974   0x000000c0   Code   RO         8615    .text.get_uart_index  BUILD/NUCLEO_F429ZI/ARMC6/mbed-os/targets/TARGET_STM/serial_api.o
    0x08004a34   0x0000000a   Code   RO         1698    .text.get_us_ticker_data  BUILD/NUCLEO_F429ZI/ARMC6/mbed-os/hal/source/mbed_us_ticker_api.o
    0x08004a3e   0x00000002   PAD
    0x08004a40   0x00000016   Code   RO         8231    .text.gpio_dir      BUILD/NUCLEO_F429ZI/ARMC6/mbed-os/targets/TARGET_STM/gpio_api.o
    0x08004a56   0x00000002   PAD
    0x08004a58   0x00000046   Code   RO         8227    .text.gpio_init     BUILD/NUCLEO_F429ZI/ARMC6/mbed-os/targets/TARGET_STM/gpio_api.o
    0x08004a9e   0x00000002   PAD
    0x08004aa0   0x0000000a   Code   RO         1508    .text.gpio_init_in  BUILD/NUCLEO_F429ZI/ARMC6/mbed-os/hal/source/mbed_gpio.o
    0x08004aaa   0x00000002   PAD
    0x08004aac   0x00000008   Code   RO         1510    .text.gpio_init_in_ex  BUILD/NUCLEO_F429ZI/ARMC6/mbed-os/hal/source/mbed_gpio.o
    0x08004ab4   0x00000032   Code   RO         1520    .text.gpio_init_inout  BUILD/NUCLEO_F429ZI/ARMC6/mbed-os/hal/source/mbed_gpio.o
    0x08004ae6   0x00000002   PAD
    0x08004ae8   0x0000000a   Code   RO         1514    .text.gpio_init_out  BUILD/NUCLEO_F429ZI/ARMC6/mbed-os/hal/source/mbed_gpio.o
    0x08004af2   0x00000002   PAD
    0x08004af4   0x0000000c   Code   RO         1516    .text.gpio_init_out_ex  BUILD/NUCLEO_F429ZI/ARMC6/mbed-os/hal/source/mbed_gpio.o
    0x08004b00   0x0000000c   Code   RO         8229    .text.gpio_mode     BUILD/NUCLEO_F429ZI/ARMC6/mbed-os/targets/TARGET_STM/gpio_api.o
    0x08004b0c   0x00000064   Code   RO         8225    .text.gpio_set      BUILD/NUCLEO_F429ZI/ARMC6/mbed-os/targets/TARGET_STM/gpio_api.o
    0x08004b70   0x00000014   Code   RO         1506    .text.gpio_write    BUILD/NUCLEO_F429ZI/ARMC6/mbed-os/hal/source/mbed_gpio.o
    0x08004b84   0x00000014   Code   RO         2423    .text.gpio_write    BUILD/NUCLEO_F429ZI/ARMC6/mbed-os/platform/source/mbed_board.o
    0x08004b98   0x0000002c   Code   RO         1479    .text.hal_critical_section_enter  BUILD/NUCLEO_F429ZI/ARMC6/mbed-os/hal/source/mbed_critical_section_api.o
    0x08004bc4   0x00000084   Code   RO         1483    .text.hal_critical_section_exit  BUILD/NUCLEO_F429ZI/ARMC6/mbed-os/hal/source/mbed_critical_section_api.o
    0x08004c48   0x000000f0   Code   RO         2463    .text.handle_error  BUILD/NUCLEO_F429ZI/ARMC6/mbed-os/platform/source/mbed_error.o
    0x08004d38   0x000000a0   Code   RO         8792    .text.init_32bit_timer  BUILD/NUCLEO_F429ZI/ARMC6/mbed-os/targets/TARGET_STM/us_ticker.o
    0x08004dd8   0x00000064   Code   RO         8617    .text.init_uart     BUILD/NUCLEO_F429ZI/ARMC6/mbed-os/targets/TARGET_STM/serial_api.o
    0x08004e3c   0x00000150   Code   RO         1658    .text.initialize    BUILD/NUCLEO_F429ZI/ARMC6/mbed-os/hal/source/mbed_ticker_api.o
    0x08004f8c   0x00000026   Code   RO         2714    .text.isatty        BUILD/NUCLEO_F429ZI/ARMC6/mbed-os/platform/source/mbed_retarget.o
    0x08004fb2   0x00000002   PAD
    0x08004fb4   0x00000030   Code   RO         2752    .text.lseek         BUILD/NUCLEO_F429ZI/ARMC6/mbed-os/platform/source/mbed_retarget.o
    0x08004fe4   0x00000054   Code   RO           19    .text.main          BUILD/NUCLEO_F429ZI/ARMC6/main.o
    0x08005038   0x0000001a   Code   RO         2312    .text.mbed_assert_internal  BUILD/NUCLEO_F429ZI/ARMC6/mbed-os/platform/source/mbed_assert.o
    0x08005052   0x00000002   PAD
    0x08005054   0x0000002c   Code   RO         2934    .text.mbed_copy_nvic  BUILD/NUCLEO_F429ZI/ARMC6/mbed-os/platform/source/mbed_sdk_boot.o
    0x08005080   0x0000006c   Code   RO         2425    .text.mbed_die      BUILD/NUCLEO_F429ZI/ARMC6/mbed-os/platform/source/mbed_board.o
    0x080050ec   0x00000120   Code   RO         2485    .text.mbed_error    BUILD/NUCLEO_F429ZI/ARMC6/mbed-os/platform/source/mbed_error.o
    0x0800520c   0x00000002   Code   RO         2469    .text.mbed_error_hook  BUILD/NUCLEO_F429ZI/ARMC6/mbed-os/platform/source/mbed_error.o
    0x0800520e   0x00000002   PAD
    0x08005210   0x0000006a   Code   RO         2473    .text.mbed_error_initialize  BUILD/NUCLEO_F429ZI/ARMC6/mbed-os/platform/source/mbed_error.o
    0x0800527a   0x00000002   PAD
    0x0800527c   0x00000014   Code   RO         2505    .text.mbed_error_is_hw_fault  BUILD/NUCLEO_F429ZI/ARMC6/mbed-os/platform/source/mbed_error.o
    0x08005290   0x00000020   Code   RO         2427    .text.mbed_error_printf  BUILD/NUCLEO_F429ZI/ARMC6/mbed-os/platform/source/mbed_board.o
    0x080052b0   0x00000052   Code   RO         2431    .text.mbed_error_puts  BUILD/NUCLEO_F429ZI/ARMC6/mbed-os/platform/source/mbed_board.o
    0x08005302   0x00000002   PAD
    0x08005304   0x00000002   Code   RO         2471    .text.mbed_error_reboot_callback  BUILD/NUCLEO_F429ZI/ARMC6/mbed-os/platform/source/mbed_error.o
    0x08005306   0x00000002   PAD
    0x08005308   0x00000034   Code   RO         2429    .text.mbed_error_vprintf  BUILD/NUCLEO_F429ZI/ARMC6/mbed-os/platform/source/mbed_board.o
    0x0800533c   0x000000f8   Code   RO         2273    .text.mbed_fault_handler  BUILD/NUCLEO_F429ZI/ARMC6/mbed-os/platform/source/TARGET_CORTEX_M/mbed_fault_handler.o
    0x08005434   0x00000038   Code   RO         2467    .text.mbed_halt_system  BUILD/NUCLEO_F429ZI/ARMC6/mbed-os/platform/source/mbed_error.o
    0x0800546c   0x00000020   Code   RO         2936    .text.mbed_init     BUILD/NUCLEO_F429ZI/ARMC6/mbed-os/platform/source/mbed_sdk_boot.o
    0x0800548c   0x00000002   Code   RO         2928    .text.mbed_main     BUILD/NUCLEO_F429ZI/ARMC6/mbed-os/platform/source/mbed_sdk_boot.o
    0x0800548e   0x00000002   PAD
    0x08005490   0x00000024   Code   RO         8451    .text.mbed_sdk_init  BUILD/NUCLEO_F429ZI/ARMC6/mbed-os/targets/TARGET_STM/mbed_overrides.o
    0x080054b4   0x0000002c   Code   RO          698    .text.mbed_tiny_compute_crc32  BUILD/NUCLEO_F429ZI/ARMC6/mbed-os/drivers/source/MbedCRC.o
    0x080054e0   0x00000008   Code   RO         2940    .text.mbed_toolchain_init  BUILD/NUCLEO_F429ZI/ARMC6/mbed-os/platform/source/mbed_sdk_boot.o
    0x080054e8   0x00000092   Code   RO         2724    .text.open          BUILD/NUCLEO_F429ZI/ARMC6/mbed-os/platform/source/mbed_retarget.o
    0x0800557a   0x00000002   PAD
    0x0800557c   0x000000c0   Code   RO         8462    .text.pin_function  BUILD/NUCLEO_F429ZI/ARMC6/mbed-os/targets/TARGET_STM/pinmap.o
    0x0800563c   0x0000007c   Code   RO         8474    .text.pin_mode      BUILD/NUCLEO_F429ZI/ARMC6/mbed-os/targets/TARGET_STM/pinmap.o
    0x080056b8   0x00000026   Code   RO         1606    .text.pinmap_find_function  BUILD/NUCLEO_F429ZI/ARMC6/mbed-os/hal/source/mbed_pinmap_common.o
    0x080056de   0x00000002   PAD
    0x080056e0   0x00000028   Code   RO         1602    .text.pinmap_find_peripheral  BUILD/NUCLEO_F429ZI/ARMC6/mbed-os/hal/source/mbed_pinmap_common.o
    0x08005708   0x0000005c   Code   RO         1604    .text.pinmap_peripheral  BUILD/NUCLEO_F429ZI/ARMC6/mbed-os/hal/source/mbed_pinmap_common.o
    0x08005764   0x00000164   Code   RO         2275    .text.print_context_info  BUILD/NUCLEO_F429ZI/ARMC6/mbed-os/platform/source/TARGET_CORTEX_M/mbed_fault_handler.o
    0x080058c8   0x000001ac   Code   RO         2465    .text.print_error_report  BUILD/NUCLEO_F429ZI/ARMC6/mbed-os/platform/source/mbed_error.o
    0x08005a74   0x00000036   Code   RO         8519    .text.pwmout_init   BUILD/NUCLEO_F429ZI/ARMC6/mbed-os/targets/TARGET_STM/pwmout_api.o
    0x08005aaa   0x00000002   PAD
    0x08005aac   0x000002e8   Code   RO         8515    .text.pwmout_init_direct  BUILD/NUCLEO_F429ZI/ARMC6/mbed-os/targets/TARGET_STM/pwmout_api.o
    0x08005d94   0x00000148   Code   RO         8517    .text.pwmout_period_us  BUILD/NUCLEO_F429ZI/ARMC6/mbed-os/targets/TARGET_STM/pwmout_api.o
    0x08005edc   0x00000038   Code   RO         8527    .text.pwmout_read   BUILD/NUCLEO_F429ZI/ARMC6/mbed-os/targets/TARGET_STM/pwmout_api.o
    0x08005f14   0x00000004   PAD
    0x08005f18   0x0000012c   Code   RO         8523    .text.pwmout_write  BUILD/NUCLEO_F429ZI/ARMC6/mbed-os/targets/TARGET_STM/pwmout_api.o
    0x08006044   0x000000d4   Code   RO         1666    .text.schedule_interrupt  BUILD/NUCLEO_F429ZI/ARMC6/mbed-os/hal/source/mbed_ticker_api.o
    0x08006118   0x00000018   Code   RO         8623    .text.serial_baud   BUILD/NUCLEO_F429ZI/ARMC6/mbed-os/targets/TARGET_STM/serial_api.o
    0x08006130   0x00000040   Code   RO         7942    .text.serial_getc   BUILD/NUCLEO_F429ZI/ARMC6/mbed-os/targets/TARGET_STM/TARGET_STM32F4/serial_device.o
    0x08006170   0x00000240   Code   RO         8613    .text.serial_init_direct  BUILD/NUCLEO_F429ZI/ARMC6/mbed-os/targets/TARGET_STM/serial_api.o
    0x080063b0   0x00000026   Code   RO         7944    .text.serial_putc   BUILD/NUCLEO_F429ZI/ARMC6/mbed-os/targets/TARGET_STM/TARGET_STM32F4/serial_device.o
    0x080063d6   0x00000002   PAD
    0x080063d8   0x0000002e   Code   RO         8637    .text.serial_readable  BUILD/NUCLEO_F429ZI/ARMC6/mbed-os/targets/TARGET_STM/serial_api.o
    0x08006406   0x00000002   PAD
    0x08006408   0x00000016   Code   RO         8639    .text.serial_writable  BUILD/NUCLEO_F429ZI/ARMC6/mbed-os/targets/TARGET_STM/serial_api.o
    0x0800641e   0x00000002   PAD
    0x08006420   0x00000058   Code   RO         2665    .text.sleep_manager_lock_deep_sleep_internal  BUILD/NUCLEO_F429ZI/ARMC6/mbed-os/platform/source/mbed_power_mgmt.o
    0x08006478   0x00000016   Code   RO         8472    .text.stm_pin_PullConfig  BUILD/NUCLEO_F429ZI/ARMC6/mbed-os/targets/TARGET_STM/pinmap.o
    0x0800648e   0x00000002   PAD
    0x08006490   0x00000022   Code   RO         8466    .text.stm_pin_SetAFPin  BUILD/NUCLEO_F429ZI/ARMC6/mbed-os/targets/TARGET_STM/pinmap.o
    0x080064b2   0x00000002   PAD
    0x080064b4   0x00000004   Code   RO         2487    .text.system_reset  BUILD/NUCLEO_F429ZI/ARMC6/mbed-os/platform/source/mbed_error.o
    0x080064b8   0x0000006e   Code   RO         1662    .text.ticker_irq_handler  BUILD/NUCLEO_F429ZI/ARMC6/mbed-os/hal/source/mbed_ticker_api.o
    0x08006526   0x00000002   PAD
    0x08006528   0x00000008   Code   RO         1676    .text.ticker_read   BUILD/NUCLEO_F429ZI/ARMC6/mbed-os/hal/source/mbed_ticker_api.o
    0x08006530   0x00000022   Code   RO         1678    .text.ticker_read_us  BUILD/NUCLEO_F429ZI/ARMC6/mbed-os/hal/source/mbed_ticker_api.o
    0x08006552   0x00000002   PAD
    0x08006554   0x00000036   Code   RO         8790    .text.timer_irq_handler  BUILD/NUCLEO_F429ZI/ARMC6/mbed-os/targets/TARGET_STM/us_ticker.o
    0x0800658a   0x00000002   PAD
    0x0800658c   0x000000ec   Code   RO         1664    .text.update_present_time  BUILD/NUCLEO_F429ZI/ARMC6/mbed-os/hal/source/mbed_ticker_api.o
    0x08006678   0x00000012   Code   RO         8810    .text.us_ticker_clear_interrupt  BUILD/NUCLEO_F429ZI/ARMC6/mbed-os/targets/TARGET_STM/us_ticker.o
    0x0800668a   0x00000002   PAD
    0x0800668c   0x00000014   Code   RO         8808    .text.us_ticker_disable_interrupt  BUILD/NUCLEO_F429ZI/ARMC6/mbed-os/targets/TARGET_STM/us_ticker.o
    0x080066a0   0x00000022   Code   RO         8804    .text.us_ticker_fire_interrupt  BUILD/NUCLEO_F429ZI/ARMC6/mbed-os/targets/TARGET_STM/us_ticker.o
    0x080066c2   0x00000002   PAD
    0x080066c4   0x0000000a   Code   RO         8788    .text.us_ticker_get_info  BUILD/NUCLEO_F429ZI/ARMC6/mbed-os/targets/TARGET_STM/us_ticker.o
    0x080066ce   0x00000002   PAD
    0x080066d0   0x0000001c   Code   RO         8798    .text.us_ticker_init  BUILD/NUCLEO_F429ZI/ARMC6/mbed-os/targets/TARGET_STM/us_ticker.o
    0x080066ec   0x0000001e   Code   RO         1702    .text.us_ticker_irq_handler  BUILD/NUCLEO_F429ZI/ARMC6/mbed-os/hal/source/mbed_us_ticker_api.o
    0x0800670a   0x00000002   PAD
    0x0800670c   0x0000000c   Code   RO         8800    .text.us_ticker_read  BUILD/NUCLEO_F429ZI/ARMC6/mbed-os/targets/TARGET_STM/us_ticker.o
    0x08006718   0x0000001c   Code   RO         8802    .text.us_ticker_set_interrupt  BUILD/NUCLEO_F429ZI/ARMC6/mbed-os/targets/TARGET_STM/us_ticker.o
    0x08006734   0x0000001e   Code   RO         2991    .text.wait_us       BUILD/NUCLEO_F429ZI/ARMC6/mbed-os/platform/source/mbed_wait_api_no_rtos.o
    0x08006752   0x00000002   PAD
    0x08006754   0x00000030   Code   RO         2738    .text.write         BUILD/NUCLEO_F429ZI/ARMC6/mbed-os/platform/source/mbed_retarget.o
    0x08006784   0x0000003e   Code   RO         9447    CL$$btod_d2e        c:\ProgramData\Mbed Studio\mbed-studio-tools\ac6\bin\..\lib\armlib\c_w.l(btod.o)
    0x080067c2   0x00000046   Code   RO         9449    CL$$btod_d2e_denorm_low  c:\ProgramData\Mbed Studio\mbed-studio-tools\ac6\bin\..\lib\armlib\c_w.l(btod.o)
    0x08006808   0x00000060   Code   RO         9448    CL$$btod_d2e_norm_op1  c:\ProgramData\Mbed Studio\mbed-studio-tools\ac6\bin\..\lib\armlib\c_w.l(btod.o)
    0x08006868   0x00000338   Code   RO         9457    CL$$btod_div_common  c:\ProgramData\Mbed Studio\mbed-studio-tools\ac6\bin\..\lib\armlib\c_w.l(btod.o)
    0x08006ba0   0x000000dc   Code   RO         9454    CL$$btod_e2e        c:\ProgramData\Mbed Studio\mbed-studio-tools\ac6\bin\..\lib\armlib\c_w.l(btod.o)
    0x08006c7c   0x0000002a   Code   RO         9451    CL$$btod_ediv       c:\ProgramData\Mbed Studio\mbed-studio-tools\ac6\bin\..\lib\armlib\c_w.l(btod.o)
    0x08006ca6   0x0000002a   Code   RO         9450    CL$$btod_emul       c:\ProgramData\Mbed Studio\mbed-studio-tools\ac6\bin\..\lib\armlib\c_w.l(btod.o)
    0x08006cd0   0x00000244   Code   RO         9456    CL$$btod_mult_common  c:\ProgramData\Mbed Studio\mbed-studio-tools\ac6\bin\..\lib\armlib\c_w.l(btod.o)
    0x08006f14   0x00000030   Code   RO         9512    i.__ARM_fpclassify  c:\ProgramData\Mbed Studio\mbed-studio-tools\ac6\bin\..\lib\armlib\m_wm.l(fpclassify.o)
    0x08006f44   0x0000000e   Code   RO         8983    i._is_digit         c:\ProgramData\Mbed Studio\mbed-studio-tools\ac6\bin\..\lib\armlib\c_w.l(__printf_wp.o)
    0x08006f52   0x0000001a   Code   RO         9015    i.fputc             c:\ProgramData\Mbed Studio\mbed-studio-tools\ac6\bin\..\lib\armlib\c_w.l(fputc.o)
    0x08006f6c   0x0000002c   Code   RO         9477    locale$$code        c:\ProgramData\Mbed Studio\mbed-studio-tools\ac6\bin\..\lib\armlib\c_w.l(lc_numeric_c.o)
    0x08006f98   0x0000002c   Code   RO         9535    locale$$code        c:\ProgramData\Mbed Studio\mbed-studio-tools\ac6\bin\..\lib\armlib\c_w.l(lc_ctype_c.o)
    0x08006fc4   0x00000150   Code   RO         9081    x$fpl$dadd          c:\ProgramData\Mbed Studio\mbed-studio-tools\ac6\bin\..\lib\armlib\fz_wm.l(daddsub_clz.o)
    0x08007114   0x000002b0   Code   RO         9088    x$fpl$ddiv          c:\ProgramData\Mbed Studio\mbed-studio-tools\ac6\bin\..\lib\armlib\fz_wm.l(ddiv.o)
    0x080073c4   0x0000005e   Code   RO         9091    x$fpl$dfix          c:\ProgramData\Mbed Studio\mbed-studio-tools\ac6\bin\..\lib\armlib\fz_wm.l(dfix.o)
    0x08007422   0x00000002   PAD
    0x08007424   0x0000005a   Code   RO         9095    x$fpl$dfixu         c:\ProgramData\Mbed Studio\mbed-studio-tools\ac6\bin\..\lib\armlib\fz_wm.l(dfixu.o)
    0x0800747e   0x00000002   PAD
    0x08007480   0x00000154   Code   RO         9099    x$fpl$dmul          c:\ProgramData\Mbed Studio\mbed-studio-tools\ac6\bin\..\lib\armlib\fz_wm.l(dmul.o)
    0x080075d4   0x0000009c   Code   RO         9288    x$fpl$dnaninf       c:\ProgramData\Mbed Studio\mbed-studio-tools\ac6\bin\..\lib\armlib\fz_wm.l(dnaninf.o)
    0x08007670   0x0000000c   Code   RO         9290    x$fpl$dretinf       c:\ProgramData\Mbed Studio\mbed-studio-tools\ac6\bin\..\lib\armlib\fz_wm.l(dretinf.o)
    0x0800767c   0x000001d4   Code   RO         9083    x$fpl$dsub          c:\ProgramData\Mbed Studio\mbed-studio-tools\ac6\bin\..\lib\armlib\fz_wm.l(daddsub_clz.o)
    0x08007850   0x00000056   Code   RO         9101    x$fpl$f2d           c:\ProgramData\Mbed Studio\mbed-studio-tools\ac6\bin\..\lib\armlib\fz_wm.l(f2d.o)
    0x080078a6   0x0000008c   Code   RO         9292    x$fpl$fnaninf       c:\ProgramData\Mbed Studio\mbed-studio-tools\ac6\bin\..\lib\armlib\fz_wm.l(fnaninf.o)
    0x08007932   0x0000001a   Code   RO         9427    x$fpl$fpinit        c:\ProgramData\Mbed Studio\mbed-studio-tools\ac6\bin\..\lib\armlib\fz_wm.l(fpinit.o)
    0x0800794c   0x00000004   Code   RO         9294    x$fpl$printf1       c:\ProgramData\Mbed Studio\mbed-studio-tools\ac6\bin\..\lib\armlib\fz_wm.l(printf1.o)
    0x08007950   0x00000004   Code   RO         9296    x$fpl$printf2       c:\ProgramData\Mbed Studio\mbed-studio-tools\ac6\bin\..\lib\armlib\fz_wm.l(printf2.o)
    0x08007954   0x00000000   Code   RO         9304    x$fpl$usenofp       c:\ProgramData\Mbed Studio\mbed-studio-tools\ac6\bin\..\lib\armlib\fz_wm.l(usenofp.o)
    0x08007954   0x00000028   Data   RO         8971    .constdata          c:\ProgramData\Mbed Studio\mbed-studio-tools\ac6\bin\..\lib\armlib\c_w.l(_printf_hex_int_ll_ptr.o)
    0x0800797c   0x00000011   Data   RO         8991    .constdata          c:\ProgramData\Mbed Studio\mbed-studio-tools\ac6\bin\..\lib\armlib\c_w.l(__printf_flags_ss_wp.o)
    0x0800798d   0x00000003   PAD
    0x08007990   0x00000008   Data   RO         9163    .constdata          c:\ProgramData\Mbed Studio\mbed-studio-tools\ac6\bin\..\lib\armlib\c_w.l(_printf_wctomb.o)
    0x08007998   0x00000026   Data   RO         9348    .constdata          c:\ProgramData\Mbed Studio\mbed-studio-tools\ac6\bin\..\lib\armlib\c_w.l(_printf_fp_hex.o)
    0x080079be   0x00000002   PAD
    0x080079c0   0x00000094   Data   RO         9445    .constdata          c:\ProgramData\Mbed Studio\mbed-studio-tools\ac6\bin\..\lib\armlib\c_w.l(bigflt0.o)
    0x08007a54   0x00000000   Data   RO         2948    .rodata             BUILD/NUCLEO_F429ZI/ARMC6/mbed-os/platform/source/mbed_sdk_boot.o
    0x08007a54   0x00000004   PAD
    0x08007a58   0x00000060   Data   RO           32    .rodata..Lconstinit  BUILD/NUCLEO_F429ZI/ARMC6/main.o
    0x08007ab8   0x00000010   Data   RO         7778    .rodata.AHBPrescTable  BUILD/NUCLEO_F429ZI/ARMC6/mbed-os/targets/TARGET_STM/TARGET_STM32F4/STM32Cube_FW/system_stm32f4xx.o
    0x08007ac8   0x00000008   Data   RO         7779    .rodata.APBPrescTable  BUILD/NUCLEO_F429ZI/ARMC6/mbed-os/targets/TARGET_STM/TARGET_STM32F4/STM32Cube_FW/system_stm32f4xx.o
    0x08007ad0   0x0000033c   Data   RO         7793    .rodata.PinMap_PWM  BUILD/NUCLEO_F429ZI/ARMC6/mbed-os/targets/TARGET_STM/TARGET_STM32F4/TARGET_STM32F429xI/TARGET_NUCLEO_F429ZI/PeripheralPins.o
    0x08007e0c   0x00000050   Data   RO         2863    .rodata._ZTV12DirectSerial  BUILD/NUCLEO_F429ZI/ARMC6/mbed-os/platform/source/mbed_retarget.o
    0x08007e5c   0x00000050   Data   RO         1983    .rodata._ZTVN4mbed10FileHandleE  BUILD/NUCLEO_F429ZI/ARMC6/mbed-os/platform/source/FileHandle.o
    0x08007eac   0x00000018   Data   RO          401    .rodata._ZTVN4mbed6BusOutE  BUILD/NUCLEO_F429ZI/ARMC6/mbed-os/drivers/source/BusOut.o
    0x08007ec4   0x00000018   Data   RO         2873    .rodata._ZZL15default_consolevE14console_pinmap  BUILD/NUCLEO_F429ZI/ARMC6/mbed-os/platform/source/mbed_retarget.o
    0x08007edc   0x00000008   Data   RO         2860    .rodata.__stderr_name  BUILD/NUCLEO_F429ZI/ARMC6/mbed-os/platform/source/mbed_retarget.o
    0x08007ee4   0x00000007   Data   RO         2858    .rodata.__stdin_name  BUILD/NUCLEO_F429ZI/ARMC6/mbed-os/platform/source/mbed_retarget.o
    0x08007eeb   0x00000008   Data   RO         2859    .rodata.__stdout_name  BUILD/NUCLEO_F429ZI/ARMC6/mbed-os/platform/source/mbed_retarget.o
    0x08007ef3   0x00000001   PAD
    0x08007ef4   0x00000040   Data   RO         8484    .rodata.ll_pin_defines  BUILD/NUCLEO_F429ZI/ARMC6/mbed-os/targets/TARGET_STM/pinmap.o
    0x08007f34   0x00000068   Data   RO         7910    .rodata.pwm_apb_map_table  BUILD/NUCLEO_F429ZI/ARMC6/mbed-os/targets/TARGET_STM/TARGET_STM32F4/pwmout_device.o
    0x08007f9c   0x00000056   Data   RO          974    .rodata.str1.1      BUILD/NUCLEO_F429ZI/ARMC6/mbed-os/drivers/source/SPI.o
    0x08007ff2   0x000000e0   Data   RO         2279    .rodata.str1.1      BUILD/NUCLEO_F429ZI/ARMC6/mbed-os/platform/source/TARGET_CORTEX_M/mbed_fault_handler.o
    0x080080d2   0x0000013b   Data   RO         2514    .rodata.str1.1      BUILD/NUCLEO_F429ZI/ARMC6/mbed-os/platform/source/mbed_error.o
    0x0800820d   0x00000063   Data   RO         2867    .rodata.str1.1      BUILD/NUCLEO_F429ZI/ARMC6/mbed-os/platform/source/mbed_retarget.o
    0x08008270   0x00000041   Data   RO         8545    .rodata.str1.1      BUILD/NUCLEO_F429ZI/ARMC6/mbed-os/targets/TARGET_STM/pwmout_api.o
    0x080082b1   0x0000002a   Data   RO         8652    .rodata.str1.1      BUILD/NUCLEO_F429ZI/ARMC6/mbed-os/targets/TARGET_STM/serial_api.o
    0x080082db   0x00000001   PAD
    0x080082dc   0x00000008   Data   RO         1706    .rodata.us_data     BUILD/NUCLEO_F429ZI/ARMC6/mbed-os/hal/source/mbed_us_ticker_api.o
    0x080082e4   0x00000024   Data   RO         1708    .rodata.us_interface  BUILD/NUCLEO_F429ZI/ARMC6/mbed-os/hal/source/mbed_us_ticker_api.o
    0x08008308   0x00000008   Data   RO         8818    .rodata.us_ticker_get_info.info  BUILD/NUCLEO_F429ZI/ARMC6/mbed-os/targets/TARGET_STM/us_ticker.o
    0x08008310   0x00000020   Data   RO         9616    Region$$Table       anon$$obj.o
    0x08008330   0x0000001c   Data   RO         9476    locale$$data        c:\ProgramData\Mbed Studio\mbed-studio-tools\ac6\bin\..\lib\armlib\c_w.l(lc_numeric_c.o)
    0x0800834c   0x00000110   Data   RO         9534    locale$$data        c:\ProgramData\Mbed Studio\mbed-studio-tools\ac6\bin\..\lib\armlib\c_w.l(lc_ctype_c.o)
    0x0800845c   0x00000004   Data   RO           33    .init_array         BUILD/NUCLEO_F429ZI/ARMC6/main.o
    0x08008460   0x00000000   Data   RO         9076    .init_array         c:\ProgramData\Mbed Studio\mbed-studio-tools\ac6\bin\..\lib\armlib\c_w.l(init_aeabi.o)


    Execution Region RW_IRAM2 (Base: 0x10000000, Size: 0x00000000, Max: 0x00010000, ABSOLUTE)

    **** No section assigned to this execution region ****


    Execution Region RW_m_crash_data (Base: 0x200001b0, Size: 0x00000100, Max: 0x00000100, ABSOLUTE)

    Base Addr    Size         Type   Attr      Idx    E Section Name        Object

    0x200001b0   0x00000100   Zero   RW            1    RW_m_crash_data.bss  anon$$obj.o


    Execution Region RW_IRAM1 (Base: 0x200002b0, Size: 0x000006f8, Max: 0x0002fd50, ABSOLUTE)

    Base Addr    Size         Type   Attr      Idx    E Section Name        Object

    0x200002b0   0x00000004   Data   RW         9031    .data               c:\ProgramData\Mbed Studio\mbed-studio-tools\ac6\bin\..\lib\armlib\c_w.l(stdio_streams.o)
    0x200002b4   0x00000004   Data   RW         9032    .data               c:\ProgramData\Mbed Studio\mbed-studio-tools\ac6\bin\..\lib\armlib\c_w.l(stdio_streams.o)
    0x200002b8   0x00000004   Data   RW         9033    .data               c:\ProgramData\Mbed Studio\mbed-studio-tools\ac6\bin\..\lib\armlib\c_w.l(stdio_streams.o)
    0x200002bc   0x00000004   Data   RW         7777    .data.SystemCoreClock  BUILD/NUCLEO_F429ZI/ARMC6/mbed-os/targets/TARGET_STM/TARGET_STM32F4/STM32Cube_FW/system_stm32f4xx.o
    0x200002c0   0x00000040   Data   RW         2872    .data._ZL11filehandles  BUILD/NUCLEO_F429ZI/ARMC6/mbed-os/platform/source/mbed_retarget.o
    0x20000300   0x00000004   Data   RW         1707    .data.irq_handler   BUILD/NUCLEO_F429ZI/ARMC6/mbed-os/hal/source/mbed_us_ticker_api.o
    0x20000304   0x00000004   Data   RW         3783    .data.uwTickPrio    BUILD/NUCLEO_F429ZI/ARMC6/mbed-os/targets/TARGET_STM/TARGET_STM32F4/STM32Cube_FW/STM32F4xx_HAL_Driver/stm32f4xx_hal.o
    0x20000308   0x00000004   Zero   RW         8856    .bss                c:\ProgramData\Mbed Studio\mbed-studio-tools\ac6\bin\..\lib\armlib\c_w.l(rt_errno_addr.o)
    0x2000030c   0x00000054   Zero   RW         9028    .bss                c:\ProgramData\Mbed Studio\mbed-studio-tools\ac6\bin\..\lib\armlib\c_w.l(stdio_streams.o)
    0x20000360   0x00000054   Zero   RW         9029    .bss                c:\ProgramData\Mbed Studio\mbed-studio-tools\ac6\bin\..\lib\armlib\c_w.l(stdio_streams.o)
    0x200003b4   0x00000054   Zero   RW         9030    .bss                c:\ProgramData\Mbed Studio\mbed-studio-tools\ac6\bin\..\lib\armlib\c_w.l(stdio_streams.o)
    0x20000408   0x00000004   Zero   RW         9124    .bss                c:\ProgramData\Mbed Studio\mbed-studio-tools\ac6\bin\..\lib\armlib\c_w.l(rt_heap_descriptor.o)
    0x2000040c   0x00000014   Zero   RW         9434    .bss                c:\ProgramData\Mbed Studio\mbed-studio-tools\ac6\bin\..\lib\armlib\c_w.l(rt_locale.o)
    0x20000420   0x0000001c   Zero   RW           25    .bss.SW1            BUILD/NUCLEO_F429ZI/ARMC6/main.o
    0x2000043c   0x0000001c   Zero   RW           26    .bss.SW2            BUILD/NUCLEO_F429ZI/ARMC6/main.o
    0x20000458   0x0000001c   Zero   RW           27    .bss.SW3            BUILD/NUCLEO_F429ZI/ARMC6/main.o
    0x20000474   0x0000001c   Zero   RW           28    .bss.SW4            BUILD/NUCLEO_F429ZI/ARMC6/main.o
    0x20000490   0x0000001c   Zero   RW           29    .bss.SW5            BUILD/NUCLEO_F429ZI/ARMC6/main.o
    0x200004ac   0x00000040   Zero   RW         8546    .bss.TimHandle      BUILD/NUCLEO_F429ZI/ARMC6/mbed-os/targets/TARGET_STM/pwmout_api.o
    0x200004ec   0x00000040   Zero   RW         8819    .bss.TimMasterHandle  BUILD/NUCLEO_F429ZI/ARMC6/mbed-os/targets/TARGET_STM/us_ticker.o
    0x2000052c   0x00000004   Zero   RW         2875    .bss._ZGVZL15default_consolevE7console  BUILD/NUCLEO_F429ZI/ARMC6/mbed-os/platform/source/mbed_retarget.o
    0x20000530   0x00000010   Zero   RW         2865    .bss._ZL13stdio_in_prev  BUILD/NUCLEO_F429ZI/ARMC6/mbed-os/platform/source/mbed_retarget.o
    0x20000540   0x00000010   Zero   RW         2866    .bss._ZL14stdio_out_prev  BUILD/NUCLEO_F429ZI/ARMC6/mbed-os/platform/source/mbed_retarget.o
    0x20000550   0x00000008   Zero   RW         2871    .bss._ZL16filehandle_mutex  BUILD/NUCLEO_F429ZI/ARMC6/mbed-os/platform/source/mbed_retarget.o
    0x20000558   0x00000004   Zero   RW         1969    .bss._ZN4mbed8FileBase5_headE  BUILD/NUCLEO_F429ZI/ARMC6/mbed-os/platform/source/FileBase.o
    0x2000055c   0x00000008   Zero   RW         1970    .bss._ZN4mbed8FileBase6_mutexE  BUILD/NUCLEO_F429ZI/ARMC6/mbed-os/platform/source/FileBase.o
    0x20000564   0x00000004   Zero   RW         1971    .bss._ZN4mbed8FileBase8_defaultE  BUILD/NUCLEO_F429ZI/ARMC6/mbed-os/platform/source/FileBase.o
    0x20000568   0x00000004   Zero   RW         2874    .bss._ZZL15default_consolevE7console  BUILD/NUCLEO_F429ZI/ARMC6/mbed-os/platform/source/mbed_retarget.o
    0x2000056c   0x00000004   PAD
    0x20000570   0x00000088   Zero   RW           31    .bss.alarm          BUILD/NUCLEO_F429ZI/ARMC6/main.o
    0x200005f8   0x00000008   Zero   RW         8213    .bss.can_irq_ids    BUILD/NUCLEO_F429ZI/ARMC6/mbed-os/targets/TARGET_STM/can_api.o
    0x20000600   0x00000001   Zero   RW         1488    .bss.critical_interrupts_enabled  BUILD/NUCLEO_F429ZI/ARMC6/mbed-os/hal/source/mbed_critical_section_api.o
    0x20000601   0x00000003   PAD
    0x20000604   0x00000004   Zero   RW         2452    .bss.critical_section_reentrancy_counter  BUILD/NUCLEO_F429ZI/ARMC6/mbed-os/platform/source/mbed_critical.o
    0x20000608   0x00000002   Zero   RW         2675    .bss.deep_sleep_lock  BUILD/NUCLEO_F429ZI/ARMC6/mbed-os/platform/source/mbed_power_mgmt.o
    0x2000060a   0x00000002   PAD
    0x2000060c   0x00000004   Zero   RW         2513    .bss.error_count    BUILD/NUCLEO_F429ZI/ARMC6/mbed-os/platform/source/mbed_error.o
    0x20000610   0x00000004   Zero   RW         2515    .bss.error_hook     BUILD/NUCLEO_F429ZI/ARMC6/mbed-os/platform/source/mbed_error.o
    0x20000614   0x00000004   PAD
    0x20000618   0x00000040   Zero   RW         1709    .bss.events         BUILD/NUCLEO_F429ZI/ARMC6/mbed-os/hal/source/mbed_us_ticker_api.o
    0x20000658   0x00000040   Zero   RW         2512    .bss.first_error_ctx  BUILD/NUCLEO_F429ZI/ARMC6/mbed-os/platform/source/mbed_error.o
    0x20000698   0x00000001   Zero   RW         2516    .bss.halt_in_progress  BUILD/NUCLEO_F429ZI/ARMC6/mbed-os/platform/source/mbed_error.o
    0x20000699   0x00000003   PAD
    0x2000069c   0x00000004   Zero   RW         8212    .bss.irq_handler    BUILD/NUCLEO_F429ZI/ARMC6/mbed-os/targets/TARGET_STM/can_api.o
    0x200006a0   0x00000001   Zero   RW         2511    .bss.is_reboot_error_valid  BUILD/NUCLEO_F429ZI/ARMC6/mbed-os/platform/source/mbed_error.o
    0x200006a1   0x00000003   PAD
    0x200006a4   0x00000040   Zero   RW         2510    .bss.last_error_ctx  BUILD/NUCLEO_F429ZI/ARMC6/mbed-os/platform/source/mbed_error.o
    0x200006e4   0x0000004c   Zero   RW           30    .bss.leds           BUILD/NUCLEO_F429ZI/ARMC6/main.o
    0x20000730   0x00000001   Zero   RW         2509    .bss.mbed_error_in_progress  BUILD/NUCLEO_F429ZI/ARMC6/mbed-os/platform/source/mbed_error.o
    0x20000731   0x00000003   PAD
    0x20000734   0x00000004   Zero   RW         2862    .bss.mbed_heap_size  BUILD/NUCLEO_F429ZI/ARMC6/mbed-os/platform/source/mbed_retarget.o
    0x20000738   0x00000004   Zero   RW         2861    .bss.mbed_heap_start  BUILD/NUCLEO_F429ZI/ARMC6/mbed-os/platform/source/mbed_retarget.o
    0x2000073c   0x00000004   Zero   RW         8453    .bss.mbed_sdk_inited  BUILD/NUCLEO_F429ZI/ARMC6/mbed-os/targets/TARGET_STM/mbed_overrides.o
    0x20000740   0x00000004   Zero   RW         2947    .bss.mbed_stack_isr_size  BUILD/NUCLEO_F429ZI/ARMC6/mbed-os/platform/source/mbed_sdk_boot.o
    0x20000744   0x00000004   Zero   RW         2946    .bss.mbed_stack_isr_start  BUILD/NUCLEO_F429ZI/ARMC6/mbed-os/platform/source/mbed_sdk_boot.o
    0x20000748   0x00000002   Zero   RW         8312    .bss.prev_tick_remainder  BUILD/NUCLEO_F429ZI/ARMC6/mbed-os/targets/TARGET_STM/hal_tick_overrides.o
    0x2000074a   0x00000002   PAD
    0x2000074c   0x00000004   Zero   RW         8311    .bss.prev_time      BUILD/NUCLEO_F429ZI/ARMC6/mbed-os/targets/TARGET_STM/hal_tick_overrides.o
    0x20000750   0x00000001   Zero   RW         1487    .bss.state_saved    BUILD/NUCLEO_F429ZI/ARMC6/mbed-os/hal/source/mbed_critical_section_api.o
    0x20000751   0x00000003   PAD
    0x20000754   0x0000004c   Zero   RW         8653    .bss.stdio_uart     BUILD/NUCLEO_F429ZI/ARMC6/mbed-os/targets/TARGET_STM/serial_api.o
    0x200007a0   0x00000004   Zero   RW         8651    .bss.stdio_uart_inited  BUILD/NUCLEO_F429ZI/ARMC6/mbed-os/targets/TARGET_STM/serial_api.o
    0x200007a4   0x00000004   Zero   RW         8313    .bss.total_ticks    BUILD/NUCLEO_F429ZI/ARMC6/mbed-os/targets/TARGET_STM/hal_tick_overrides.o
    0x200007a8   0x00000200   Zero   RW         7986    .bss.uart_handlers  BUILD/NUCLEO_F429ZI/ARMC6/mbed-os/targets/TARGET_STM/TARGET_STM32F4/serial_device.o


    Execution Region ARM_LIB_HEAP (Base: 0x200009b0, Size: 0x0002e3a0, Max: 0x0002e3a0, ABSOLUTE)

    Base Addr    Size         Type   Attr      Idx    E Section Name        Object

    0x200009b0   0x0002e3a0   Zero   RW            2    ARM_LIB_HEAP.bss    anon$$obj.o


    Execution Region ARM_LIB_STACK (Base: 0x2002f000, Size: 0x00001000, Max: 0x00001000, ABSOLUTE)

    Base Addr    Size         Type   Attr      Idx    E Section Name        Object

    0x2002f000   0x00001000   Zero   RW            3    ARM_LIB_STACK.bss   anon$$obj.o


==============================================================================

Image component sizes


      Code (inc. data)   RO Data    RW Data    ZI Data      Debug   

     18208       1492       2700         76     195112     910782   Object Totals
         0          0         32          0     193696          0   (incl. Generated)
       256          4          6          0         27          0   (incl. Padding)
     12424        698        556         12        280       9088   Library Totals
        26          0          5          0          0          0   (incl. Padding)

==============================================================================


      Code (inc. data)   RO Data    RW Data    ZI Data      Debug   

     30632       2190       3256         88     195392     913770   Grand Totals
     30632       2190       3256         88     195392     913770   ELF Image Totals
     30632       2190       3256         88          0          0   ROM Totals

==============================================================================

    Total RO  Size (Code + RO Data)                33888 (  33.09kB)
    Total RW  Size (RW Data + ZI Data)            195480 ( 190.90kB)
    Total ROM Size (Code + RO Data + RW Data)      33976 (  33.18kB)

==============================================================================

